[http] listening on http://localhost:3000
[db] C:\Users\ADMIN\Documents\NTU\Digital electronics\SmokeLens\data\smokelens.sqlite
[mqtt] connected mqtt://192.168.0.135:1883
[mqtt] subscribed smokelens/+/data
[data] node_01 mode=data_collection label=cigarette_smoke infer=- ts=1781246688 voc=2646 co=3611 pm25=52 pms=true
[data] node_01 mode=data_collection label=cigarette_smoke infer=- ts=1781246689 voc=2667 co=3652 pm25=53 pms=true
[data] node_01 mode=data_collection label=cigarette_smoke infer=- ts=1781246690 voc=2645 co=3613 pm25=54 pms=true
[data] node_01 mode=data_collection label=cigarette_smoke infer=- ts=1781246691 voc=2671 co=3659 pm25=54 pms=true
[data] node_01 mode=data_collection label=cigarette_smoke infer=- ts=1781246692 voc=2652 co=3607 pm25=54 pms=true
[data] node_01 mode=data_collection label=cigarette_smoke infer=- ts=1781246693 voc=2668 co=3661 pm25=55 pms=true
[data] node_01 mode=data_collection label=cigarette_smoke infer=- ts=1781246694 voc=2642 co=3604 pm25=55 pms=true
[data] node_01 mode=data_collection label=cigarette_smoke infer=- ts=1781246696 voc=2645 co=3668 pm25=54 pms=true
[data] node_01 mode=data_collection label=cigarette_smoke infer=- ts=1781246697 voc=2635 co=3611 pm25=55 pms=true
[data] node_01 mode=data_collection label=cigarette_smoke infer=- ts=1781246698 voc=2666 co=3655 pm25=55 pms=true
[data] node_01 mode=data_collection label=cigarette_smoke infer=- ts=1781246699 voc=2643 co=3600 pm25=56 pms=true
[data] node_01 mode=data_collection label=cigarette_smoke infer=- ts=1781246700 voc=2671 co=3654 pm25=56 pms=true
[data] node_01 mode=data_collection label=cigarette_smoke infer=- ts=1781246701 voc=2641 co=3604 pm25=56 pms=true
[data] node_01 mode=data_collection label=cigarette_smoke infer=- ts=1781246702 voc=2667 co=3663 pm25=55 pms=true
[data] node_01 mode=data_collection label=cigarette_smoke infer=- ts=1781246703 voc=2636 co=3608 pm25=55 pms=true
[data] node_01 mode=data_collection label=cigarette_smoke infer=- ts=1781246704 voc=2666 co=3659 pm25=55 pms=true
[data] node_01 mode=data_collection label=cigarette_smoke infer=- ts=1781246705 voc=2652 co=3594 pm25=56 pms=true
[data] node_01 mode=data_collection label=cigarette_smoke infer=- ts=1781246706 voc=2662 co=3653 pm25=55 pms=true
[data] node_01 mode=data_collection label=cigarette_smoke infer=- ts=1781246707 voc=2642 co=3598 pm25=55 pms=true
[data] node_01 mode=data_collection label=cigarette_smoke infer=- ts=1781246708 voc=2666 co=3660 pm25=54 pms=true
[data] node_01 mode=data_collection label=cigarette_smoke infer=- ts=1781246709 voc=2642 co=3605 pm25=54 pms=true
[data] node_01 mode=data_collection label=cigarette_smoke infer=- ts=1781246710 voc=2663 co=3655 pm25=53 pms=true
[data] node_01 mode=data_collection label=cigarette_smoke infer=- ts=1781246711 voc=2651 co=3609 pm25=54 pms=true
[data] node_01 mode=data_collection label=cigarette_smoke infer=- ts=1781246712 voc=2663 co=3660 pm25=54 pms=true
[data] node_01 mode=data_collection label=cigarette_smoke infer=- ts=1781246713 voc=2644 co=3601 pm25=54 pms=true
[data] node_01 mode=data_collection label=cigarette_smoke infer=- ts=1781246714 voc=2665 co=3652 pm25=54 pms=true
[data] node_01 mode=data_collection label=cigarette_smoke infer=- ts=1781246715 voc=2646 co=3599 pm25=54 pms=true
[data] node_01 mode=data_collection label=cigarette_smoke infer=- ts=1781246716 voc=2666 co=3658 pm25=53 pms=true
[data] node_01 mode=data_collection label=cigarette_smoke infer=- ts=1781246718 voc=2651 co=3610 pm25=53 pms=true
[data] node_01 mode=data_collection label=cigarette_smoke infer=- ts=1781246719 voc=2664 co=3657 pm25=53 pms=true
[data] node_01 mode=data_collection label=cigarette_smoke infer=- ts=1781246720 voc=2641 co=3615 pm25=54 pms=true
[data] node_01 mode=data_collection label=cigarette_smoke infer=- ts=1781246721 voc=2664 co=3649 pm25=54 pms=true
[data] node_01 mode=data_collection label=cigarette_smoke infer=- ts=1781246722 voc=2640 co=3615 pm25=54 pms=true
[data] node_01 mode=data_collection label=cigarette_smoke infer=- ts=1781246723 voc=2671 co=3658 pm25=54 pms=true
[data] node_01 mode=data_collection label=cigarette_smoke infer=- ts=1781246724 voc=2649 co=3588 pm25=54 pms=true
[data] node_01 mode=data_collection label=cigarette_smoke infer=- ts=1781246725 voc=2667 co=3656 pm25=54 pms=true
[data] node_01 mode=data_collection label=cigarette_smoke infer=- ts=1781246726 voc=2646 co=3609 pm25=53 pms=true
[data] node_01 mode=data_collection label=cigarette_smoke infer=- ts=1781246727 voc=2667 co=3661 pm25=53 pms=true
[data] node_01 mode=data_collection label=cigarette_smoke infer=- ts=1781246728 voc=2645 co=3616 pm25=53 pms=true
[data] node_01 mode=data_collection label=cigarette_smoke infer=- ts=1781246729 voc=2654 co=3652 pm25=54 pms=true
[data] node_01 mode=data_collection label=cigarette_smoke infer=- ts=1781246730 voc=2636 co=3604 pm25=55 pms=true
[data] node_01 mode=data_collection label=cigarette_smoke infer=- ts=1781246731 voc=2665 co=3655 pm25=55 pms=true
[data] node_01 mode=data_collection label=cigarette_smoke infer=- ts=1781246732 voc=2639 co=3610 pm25=53 pms=true
[data] node_01 mode=data_collection label=cigarette_smoke infer=- ts=1781246733 voc=2665 co=3659 pm25=53 pms=true
[data] node_01 mode=data_collection label=cigarette_smoke infer=- ts=1781246734 voc=2645 co=3616 pm25=54 pms=true
[data] node_01 mode=data_collection label=cigarette_smoke infer=- ts=1781246735 voc=2670 co=3660 pm25=53 pms=true
[data] node_01 mode=data_collection label=cigarette_smoke infer=- ts=1781246736 voc=2646 co=3609 pm25=53 pms=true
[data] node_01 mode=data_collection label=cigarette_smoke infer=- ts=1781246737 voc=2669 co=3658 pm25=53 pms=true
[data] node_01 mode=data_collection label=cigarette_smoke infer=- ts=1781246738 voc=2645 co=3604 pm25=53 pms=true
[data] node_01 mode=data_collection label=cigarette_smoke infer=- ts=1781246739 voc=2669 co=3651 pm25=53 pms=true
[data] node_01 mode=data_collection label=cigarette_smoke infer=- ts=1781246741 voc=2638 co=3605 pm25=51 pms=true
[data] node_01 mode=data_collection label=cigarette_smoke infer=- ts=1781246742 voc=2664 co=3650 pm25=51 pms=true
[data] node_01 mode=data_collection label=cigarette_smoke infer=- ts=1781246743 voc=2653 co=3599 pm25=51 pms=true
[data] node_01 mode=data_collection label=cigarette_smoke infer=- ts=1781246744 voc=2669 co=3656 pm25=52 pms=true
[data] node_01 mode=data_collection label=cigarette_smoke infer=- ts=1781246745 voc=2647 co=3613 pm25=52 pms=true
[data] node_01 mode=data_collection label=cigarette_smoke infer=- ts=1781246746 voc=2653 co=3661 pm25=52 pms=true
[data] node_01 mode=data_collection label=cigarette_smoke infer=- ts=1781246747 voc=2641 co=3608 pm25=52 pms=true
[data] node_01 mode=data_collection label=cigarette_smoke infer=- ts=1781246748 voc=2671 co=3658 pm25=52 pms=true
[data] node_01 mode=data_collection label=cigarette_smoke infer=- ts=1781246749 voc=2648 co=3599 pm25=52 pms=true
[data] node_01 mode=data_collection label=cigarette_smoke infer=- ts=1781246750 voc=2666 co=3647 pm25=52 pms=true
[data] node_01 mode=data_collection label=cigarette_smoke infer=- ts=1781246751 voc=2649 co=3605 pm25=52 pms=true
[data] node_01 mode=data_collection label=cigarette_smoke infer=- ts=1781246752 voc=2664 co=3632 pm25=52 pms=true
[data] node_01 mode=data_collection label=cigarette_smoke infer=- ts=1781246753 voc=2645 co=3597 pm25=52 pms=true
[data] node_01 mode=data_collection label=cigarette_smoke infer=- ts=1781246754 voc=2667 co=3668 pm25=52 pms=true
[data] node_01 mode=data_collection label=cigarette_smoke infer=- ts=1781246755 voc=2650 co=3604 pm25=51 pms=true
[data] node_01 mode=data_collection label=cigarette_smoke infer=- ts=1781246756 voc=2668 co=3669 pm25=51 pms=true
[data] node_01 mode=data_collection label=cigarette_smoke infer=- ts=1781246757 voc=2644 co=3611 pm25=51 pms=true
[data] node_01 mode=data_collection label=cigarette_smoke infer=- ts=1781246758 voc=2662 co=3654 pm25=56 pms=true
[data] node_01 mode=data_collection label=cigarette_smoke infer=- ts=1781246759 voc=2646 co=3596 pm25=68 pms=true
[data] node_01 mode=data_collection label=cigarette_smoke infer=- ts=1781246760 voc=2663 co=3655 pm25=85 pms=true
[data] node_01 mode=data_collection label=cigarette_smoke infer=- ts=1781246881 voc=2652 co=3607 pm25=211 pms=true
[data] node_01 mode=data_collection label=cigarette_smoke infer=- ts=1781246882 voc=2669 co=3660 pm25=210 pms=true
[data] node_01 mode=data_collection label=cigarette_smoke infer=- ts=1781246883 voc=2649 co=3606 pm25=210 pms=true
[data] node_01 mode=data_collection label=cigarette_smoke infer=- ts=1781246920 voc=2665 co=3657 pm25=131 pms=true
[data] node_01 mode=data_collection label=cigarette_smoke infer=- ts=1781246921 voc=2640 co=3617 pm25=124 pms=true
[data] node_01 mode=data_collection label=cigarette_smoke infer=- ts=1781246922 voc=2668 co=3655 pm25=122 pms=true
[data] node_01 mode=data_collection label=cigarette_smoke infer=- ts=1781246923 voc=2649 co=3597 pm25=122 pms=true
[data] node_01 mode=data_collection label=cigarette_smoke infer=- ts=1781246924 voc=2661 co=3662 pm25=120 pms=true
[data] node_01 mode=data_collection label=cigarette_smoke infer=- ts=1781246925 voc=2651 co=3599 pm25=118 pms=true
[data] node_01 mode=data_collection label=cigarette_smoke infer=- ts=1781246926 voc=2671 co=3658 pm25=115 pms=true
[data] node_01 mode=data_collection label=cigarette_smoke infer=- ts=1781246927 voc=2644 co=3607 pm25=113 pms=true
[data] node_01 mode=data_collection label=cigarette_smoke infer=- ts=1781246928 voc=2663 co=3651 pm25=111 pms=true
[data] node_01 mode=data_collection label=cigarette_smoke infer=- ts=1781246929 voc=2624 co=3603 pm25=110 pms=true
[data] node_01 mode=data_collection label=cigarette_smoke infer=- ts=1781246930 voc=2666 co=3659 pm25=108 pms=true
[data] node_01 mode=data_collection label=cigarette_smoke infer=- ts=1781246937 voc=2652 co=3609 pm25=101 pms=true
[data] node_01 mode=data_collection label=cigarette_smoke infer=- ts=1781246938 voc=2665 co=3668 pm25=105 pms=true
[data] node_01 mode=data_collection label=cigarette_smoke infer=- ts=1781246939 voc=2649 co=3611 pm25=106 pms=true
[data] node_01 mode=data_collection label=cigarette_smoke infer=- ts=1781246941 voc=2673 co=3661 pm25=107 pms=true
[data] node_01 mode=data_collection label=cigarette_smoke infer=- ts=1781246942 voc=2648 co=3619 pm25=106 pms=true
[data] node_01 mode=data_collection label=cigarette_smoke infer=- ts=1781246943 voc=2664 co=3660 pm25=107 pms=true
[data] node_01 mode=data_collection label=cigarette_smoke infer=- ts=1781246944 voc=2652 co=3593 pm25=107 pms=true
[data] node_01 mode=data_collection label=cigarette_smoke infer=- ts=1781246945 voc=2672 co=3663 pm25=107 pms=true
[data] node_01 mode=data_collection label=cigarette_smoke infer=- ts=1781246946 voc=2653 co=3616 pm25=107 pms=true
[data] node_01 mode=data_collection label=cigarette_smoke infer=- ts=1781246947 voc=2671 co=3663 pm25=108 pms=true
[data] node_01 mode=data_collection label=cigarette_smoke infer=- ts=1781246948 voc=2631 co=3610 pm25=108 pms=true
[data] node_01 mode=data_collection label=cigarette_smoke infer=- ts=1781246949 voc=2668 co=3658 pm25=107 pms=true
[data] node_01 mode=data_collection label=cigarette_smoke infer=- ts=1781246956 voc=2650 co=3618 pm25=102 pms=true
[data] node_01 mode=data_collection label=cigarette_smoke infer=- ts=1781246957 voc=2651 co=3672 pm25=99 pms=true
[data] node_01 mode=data_collection label=cigarette_smoke infer=- ts=1781246958 voc=2645 co=3604 pm25=97 pms=true
[data] node_01 mode=data_collection label=cigarette_smoke infer=- ts=1781246959 voc=2671 co=3665 pm25=98 pms=true
[data] node_01 mode=data_collection label=cigarette_smoke infer=- ts=1781246960 voc=2647 co=3619 pm25=96 pms=true
[data] node_01 mode=data_collection label=cigarette_smoke infer=- ts=1781246961 voc=2673 co=3667 pm25=94 pms=true
[data] node_01 mode=data_collection label=cigarette_smoke infer=- ts=1781246963 voc=2651 co=3616 pm25=93 pms=true
[data] node_01 mode=data_collection label=cigarette_smoke infer=- ts=1781246964 voc=2653 co=3664 pm25=91 pms=true
[data] node_01 mode=data_collection label=cigarette_smoke infer=- ts=1781246965 voc=2621 co=3612 pm25=90 pms=true
[data] node_01 mode=data_collection label=cigarette_smoke infer=- ts=1781246966 voc=2664 co=3663 pm25=88 pms=true
[data] node_01 mode=data_collection label=cigarette_smoke infer=- ts=1781246967 voc=2645 co=3618 pm25=88 pms=true
[data] node_01 mode=data_collection label=cigarette_smoke infer=- ts=1781246968 voc=2670 co=3657 pm25=87 pms=true
[data] node_01 mode=data_collection label=cigarette_smoke infer=- ts=1781246969 voc=2654 co=3606 pm25=86 pms=true
[data] node_01 mode=data_collection label=cigarette_smoke infer=- ts=1781246970 voc=2670 co=3661 pm25=86 pms=true
[data] node_01 mode=data_collection label=cigarette_smoke infer=- ts=1781246971 voc=2645 co=3610 pm25=85 pms=true
[data] node_01 mode=data_collection label=cigarette_smoke infer=- ts=1781246972 voc=2672 co=3669 pm25=85 pms=true
[data] node_01 mode=data_collection label=cigarette_smoke infer=- ts=1781246973 voc=2648 co=3608 pm25=85 pms=true
[data] node_01 mode=data_collection label=cigarette_smoke infer=- ts=1781246974 voc=2669 co=3670 pm25=86 pms=true
[data] node_01 mode=data_collection label=cigarette_smoke infer=- ts=1781246975 voc=2653 co=3580 pm25=87 pms=true
[data] node_01 mode=data_collection label=cigarette_smoke infer=- ts=1781246976 voc=2664 co=3660 pm25=86 pms=true
[data] node_01 mode=data_collection label=cigarette_smoke infer=- ts=1781246977 voc=2643 co=3605 pm25=85 pms=true
[data] node_01 mode=data_collection label=cigarette_smoke infer=- ts=1781246978 voc=2668 co=3666 pm25=84 pms=true
[data] node_01 mode=data_collection label=cigarette_smoke infer=- ts=1781246979 voc=2640 co=3611 pm25=83 pms=true
[data] node_01 mode=data_collection label=cigarette_smoke infer=- ts=1781246980 voc=2668 co=3667 pm25=83 pms=true
[data] node_01 mode=data_collection label=cigarette_smoke infer=- ts=1781246981 voc=2656 co=3605 pm25=82 pms=true
[data] node_01 mode=data_collection label=cigarette_smoke infer=- ts=1781246982 voc=2666 co=3667 pm25=82 pms=true
[data] node_01 mode=data_collection label=cigarette_smoke infer=- ts=1781246983 voc=2647 co=3602 pm25=82 pms=true
[data] node_01 mode=data_collection label=cigarette_smoke infer=- ts=1781246984 voc=2665 co=3656 pm25=82 pms=true
[data] node_01 mode=data_collection label=cigarette_smoke infer=- ts=1781246986 voc=2645 co=3609 pm25=81 pms=true
[data] node_01 mode=data_collection label=cigarette_smoke infer=- ts=1781246987 voc=2670 co=3671 pm25=80 pms=true
[data] node_01 mode=data_collection label=cigarette_smoke infer=- ts=1781246988 voc=2650 co=3618 pm25=80 pms=true
[data] node_01 mode=data_collection label=cigarette_smoke infer=- ts=1781246989 voc=2664 co=3668 pm25=80 pms=true
[data] node_01 mode=data_collection label=cigarette_smoke infer=- ts=1781246990 voc=2645 co=3620 pm25=79 pms=true
[data] node_01 mode=data_collection label=cigarette_smoke infer=- ts=1781246991 voc=2664 co=3664 pm25=79 pms=true
[data] node_01 mode=data_collection label=cigarette_smoke infer=- ts=1781246992 voc=2641 co=3609 pm25=76 pms=true
[data] node_01 mode=data_collection label=cigarette_smoke infer=- ts=1781246993 voc=2669 co=3652 pm25=76 pms=true
[data] node_01 mode=data_collection label=cigarette_smoke infer=- ts=1781246994 voc=2649 co=3607 pm25=74 pms=true
[data] node_01 mode=data_collection label=cigarette_smoke infer=- ts=1781246995 voc=2667 co=3654 pm25=75 pms=true
[data] node_01 mode=data_collection label=cigarette_smoke infer=- ts=1781246996 voc=2645 co=3606 pm25=74 pms=true
[data] node_01 mode=data_collection label=cigarette_smoke infer=- ts=1781246997 voc=2669 co=3671 pm25=73 pms=true
[data] node_01 mode=data_collection label=cigarette_smoke infer=- ts=1781246998 voc=2627 co=3579 pm25=70 pms=true
[data] node_01 mode=data_collection label=cigarette_smoke infer=- ts=1781246999 voc=2671 co=3651 pm25=69 pms=true
[data] node_01 mode=data_collection label=cigarette_smoke infer=- ts=1781247000 voc=2655 co=3618 pm25=69 pms=true
[data] node_01 mode=data_collection label=cigarette_smoke infer=- ts=1781247001 voc=2670 co=3667 pm25=69 pms=true
[data] node_01 mode=data_collection label=cigarette_smoke infer=- ts=1781247002 voc=2645 co=3605 pm25=70 pms=true
[data] node_01 mode=data_collection label=cigarette_smoke infer=- ts=1781247003 voc=2671 co=3667 pm25=74 pms=true
[data] node_01 mode=data_collection label=cigarette_smoke infer=- ts=1781247004 voc=2641 co=3611 pm25=76 pms=true
[data] node_01 mode=data_collection label=cigarette_smoke infer=- ts=1781247005 voc=2668 co=3660 pm25=78 pms=true
[data] node_01 mode=data_collection label=cigarette_smoke infer=- ts=1781247006 voc=2657 co=3619 pm25=80 pms=true
[data] node_01 mode=data_collection label=cigarette_smoke infer=- ts=1781247008 voc=2672 co=3662 pm25=83 pms=true
[data] node_01 mode=data_collection label=cigarette_smoke infer=- ts=1781247009 voc=2644 co=3610 pm25=85 pms=true
[data] node_01 mode=data_collection label=cigarette_smoke infer=- ts=1781247010 voc=2672 co=3671 pm25=85 pms=true
[data] node_01 mode=data_collection label=cigarette_smoke infer=- ts=1781247011 voc=2645 co=3609 pm25=87 pms=true
[data] node_01 mode=data_collection label=cigarette_smoke infer=- ts=1781247012 voc=2667 co=3677 pm25=88 pms=true
[data] node_01 mode=data_collection label=cigarette_smoke infer=- ts=1781247013 voc=2649 co=3614 pm25=89 pms=true
[data] node_01 mode=data_collection label=cigarette_smoke infer=- ts=1781247014 voc=2668 co=3656 pm25=87 pms=true
[data] node_01 mode=data_collection label=cigarette_smoke infer=- ts=1781247015 voc=2647 co=3615 pm25=86 pms=true
[data] node_01 mode=data_collection label=cigarette_smoke infer=- ts=1781247016 voc=2669 co=3655 pm25=84 pms=true
[data] node_01 mode=data_collection label=cigarette_smoke infer=- ts=1781247017 voc=2623 co=3610 pm25=81 pms=true
[data] node_01 mode=data_collection label=cigarette_smoke infer=- ts=1781247018 voc=2671 co=3651 pm25=80 pms=true
[data] node_01 mode=data_collection label=cigarette_smoke infer=- ts=1781247019 voc=2655 co=3612 pm25=78 pms=true
[data] node_01 mode=data_collection label=cigarette_smoke infer=- ts=1781247020 voc=2664 co=3654 pm25=77 pms=true
[data] node_01 mode=data_collection label=cigarette_smoke infer=- ts=1781247021 voc=2649 co=3603 pm25=76 pms=true
[data] node_01 mode=data_collection label=cigarette_smoke infer=- ts=1781247022 voc=2667 co=3657 pm25=73 pms=true
[data] node_01 mode=data_collection label=cigarette_smoke infer=- ts=1781247023 voc=2647 co=3611 pm25=73 pms=true
[data] node_01 mode=data_collection label=cigarette_smoke infer=- ts=1781247024 voc=2669 co=3664 pm25=71 pms=true
[data] node_01 mode=data_collection label=cigarette_smoke infer=- ts=1781247025 voc=2654 co=3616 pm25=70 pms=true
[data] node_01 mode=data_collection label=cigarette_smoke infer=- ts=1781247026 voc=2666 co=3667 pm25=69 pms=true
[data] node_01 mode=data_collection label=cigarette_smoke infer=- ts=1781247027 voc=2641 co=3610 pm25=69 pms=true
[data] node_01 mode=data_collection label=cigarette_smoke infer=- ts=1781247028 voc=2672 co=3665 pm25=68 pms=true
[data] node_01 mode=data_collection label=cigarette_smoke infer=- ts=1781247030 voc=2646 co=3614 pm25=67 pms=true
[data] node_01 mode=data_collection label=cigarette_smoke infer=- ts=1781247031 voc=2667 co=3666 pm25=68 pms=true
[data] node_01 mode=data_collection label=cigarette_smoke infer=- ts=1781247032 voc=2654 co=3616 pm25=67 pms=true
[data] node_01 mode=data_collection label=cigarette_smoke infer=- ts=1781247033 voc=2668 co=3656 pm25=66 pms=true
[data] node_01 mode=data_collection label=cigarette_smoke infer=- ts=1781247034 voc=2649 co=3610 pm25=65 pms=true
[data] node_01 mode=data_collection label=cigarette_smoke infer=- ts=1781247035 voc=2674 co=3662 pm25=65 pms=true
[data] node_01 mode=data_collection label=cigarette_smoke infer=- ts=1781247036 voc=2648 co=3618 pm25=64 pms=true
[data] node_01 mode=data_collection label=cigarette_smoke infer=- ts=1781247037 voc=2663 co=3667 pm25=64 pms=true
[data] node_01 mode=data_collection label=cigarette_smoke infer=- ts=1781247038 voc=2653 co=3618 pm25=64 pms=true
[data] node_01 mode=data_collection label=cigarette_smoke infer=- ts=1781247039 voc=2663 co=3668 pm25=64 pms=true
[data] node_01 mode=data_collection label=cigarette_smoke infer=- ts=1781247040 voc=2649 co=3604 pm25=62 pms=true
[data] node_01 mode=data_collection label=cigarette_smoke infer=- ts=1781247041 voc=2669 co=3663 pm25=62 pms=true
[data] node_01 mode=data_collection label=cigarette_smoke infer=- ts=1781247042 voc=2648 co=3612 pm25=61 pms=true
[data] node_01 mode=data_collection label=cigarette_smoke infer=- ts=1781247043 voc=2667 co=3663 pm25=59 pms=true
[data] node_01 mode=data_collection label=cigarette_smoke infer=- ts=1781247044 voc=2655 co=3616 pm25=59 pms=true
[data] node_01 mode=data_collection label=cigarette_smoke infer=- ts=1781247045 voc=2667 co=3672 pm25=57 pms=true
[data] node_01 mode=data_collection label=cigarette_smoke infer=- ts=1781247046 voc=2651 co=3625 pm25=57 pms=true
[data] node_01 mode=data_collection label=cigarette_smoke infer=- ts=1781247047 voc=2669 co=3665 pm25=56 pms=true
[data] node_01 mode=data_collection label=cigarette_smoke infer=- ts=1781247048 voc=2644 co=3612 pm25=55 pms=true
[data] node_01 mode=data_collection label=cigarette_smoke infer=- ts=1781247049 voc=2668 co=3660 pm25=55 pms=true
[data] node_01 mode=data_collection label=cigarette_smoke infer=- ts=1781247050 voc=2647 co=3618 pm25=54 pms=true
[data] node_01 mode=data_collection label=cigarette_smoke infer=- ts=1781247051 voc=2669 co=3673 pm25=54 pms=true
[data] node_01 mode=data_collection label=cigarette_smoke infer=- ts=1781247053 voc=2649 co=3618 pm25=54 pms=true
[data] node_01 mode=data_collection label=cigarette_smoke infer=- ts=1781247054 voc=2669 co=3642 pm25=53 pms=true
[data] node_01 mode=data_collection label=cigarette_smoke infer=- ts=1781247055 voc=2643 co=3608 pm25=53 pms=true
[data] node_01 mode=data_collection label=cigarette_smoke infer=- ts=1781247056 voc=2668 co=3661 pm25=55 pms=true
[data] node_01 mode=data_collection label=cigarette_smoke infer=- ts=1781247057 voc=2650 co=3625 pm25=64 pms=true
[data] node_01 mode=data_collection label=cigarette_smoke infer=- ts=1781247058 voc=2670 co=3664 pm25=77 pms=true
[data] node_01 mode=data_collection label=cigarette_smoke infer=- ts=1781247059 voc=2646 co=3600 pm25=94 pms=true
[data] node_01 mode=data_collection label=cigarette_smoke infer=- ts=1781247060 voc=2665 co=3652 pm25=111 pms=true
[data] node_01 mode=data_collection label=cigarette_smoke infer=- ts=1781247061 voc=2642 co=3612 pm25=130 pms=true
[data] node_01 mode=data_collection label=cigarette_smoke infer=- ts=1781247062 voc=2667 co=3659 pm25=148 pms=true
[data] node_01 mode=data_collection label=cigarette_smoke infer=- ts=1781247063 voc=2650 co=3624 pm25=165 pms=true
[data] node_01 mode=data_collection label=cigarette_smoke infer=- ts=1781247064 voc=2666 co=3674 pm25=180 pms=true
[data] node_01 mode=data_collection label=cigarette_smoke infer=- ts=1781247065 voc=2647 co=3605 pm25=194 pms=true
[data] node_01 mode=data_collection label=cigarette_smoke infer=- ts=1781247066 voc=2667 co=3664 pm25=208 pms=true
[data] node_01 mode=data_collection label=cigarette_smoke infer=- ts=1781247129 voc=2667 co=3665 pm25=193 pms=true
[data] node_01 mode=data_collection label=cigarette_smoke infer=- ts=1781247130 voc=2642 co=3623 pm25=191 pms=true
[data] node_01 mode=data_collection label=cigarette_smoke infer=- ts=1781247131 voc=2663 co=3658 pm25=189 pms=true
[data] node_01 mode=data_collection label=cigarette_smoke infer=- ts=1781247132 voc=2655 co=3608 pm25=184 pms=true
[data] node_01 mode=data_collection label=cigarette_smoke infer=- ts=1781247133 voc=2668 co=3655 pm25=182 pms=true
[data] node_01 mode=data_collection label=cigarette_smoke infer=- ts=1781247134 voc=2642 co=3607 pm25=180 pms=true
[data] node_01 mode=data_collection label=cigarette_smoke infer=- ts=1781247135 voc=2641 co=3649 pm25=180 pms=true
[data] node_01 mode=data_collection label=cigarette_smoke infer=- ts=1781247136 voc=2645 co=3615 pm25=179 pms=true
[data] node_01 mode=data_collection label=cigarette_smoke infer=- ts=1781247137 voc=2652 co=3667 pm25=178 pms=true
[data] node_01 mode=data_collection label=cigarette_smoke infer=- ts=1781247142 voc=2668 co=3655 pm25=168 pms=true
[data] node_01 mode=data_collection label=cigarette_smoke infer=- ts=1781247143 voc=2642 co=3624 pm25=164 pms=true
[data] node_01 mode=data_collection label=cigarette_smoke infer=- ts=1781247144 voc=2645 co=3654 pm25=161 pms=true
[data] node_01 mode=data_collection label=cigarette_smoke infer=- ts=1781247150 voc=2666 co=3663 pm25=134 pms=true
[data] node_01 mode=data_collection label=cigarette_smoke infer=- ts=1781247151 voc=2653 co=3603 pm25=132 pms=true
[data] node_01 mode=data_collection label=cigarette_smoke infer=- ts=1781247152 voc=2663 co=3659 pm25=128 pms=true
[data] node_01 mode=data_collection label=cigarette_smoke infer=- ts=1781247153 voc=2648 co=3609 pm25=123 pms=true
[data] node_01 mode=data_collection label=cigarette_smoke infer=- ts=1781247154 voc=2668 co=3660 pm25=119 pms=true
[data] node_01 mode=data_collection label=cigarette_smoke infer=- ts=1781247155 voc=2642 co=3613 pm25=116 pms=true
[data] node_01 mode=data_collection label=cigarette_smoke infer=- ts=1781247156 voc=2670 co=3666 pm25=112 pms=true
[data] node_01 mode=data_collection label=cigarette_smoke infer=- ts=1781247157 voc=2650 co=3623 pm25=109 pms=true
[data] node_01 mode=data_collection label=cigarette_smoke infer=- ts=1781247158 voc=2668 co=3672 pm25=106 pms=true
[data] node_01 mode=data_collection label=cigarette_smoke infer=- ts=1781247159 voc=2632 co=3611 pm25=106 pms=true
[data] node_01 mode=data_collection label=cigarette_smoke infer=- ts=1781247160 voc=2668 co=3660 pm25=106 pms=true
[data] node_01 mode=data_collection label=cigarette_smoke infer=- ts=1781247161 voc=2643 co=3609 pm25=107 pms=true
[data] node_01 mode=data_collection label=cigarette_smoke infer=- ts=1781247162 voc=2664 co=3663 pm25=106 pms=true
[data] node_01 mode=data_collection label=cigarette_smoke infer=- ts=1781247164 voc=2646 co=3613 pm25=107 pms=true
[data] node_01 mode=data_collection label=cigarette_smoke infer=- ts=1781247165 voc=2666 co=3650 pm25=108 pms=true
[data] node_01 mode=data_collection label=cigarette_smoke infer=- ts=1781247166 voc=2645 co=3593 pm25=109 pms=true
[data] node_01 mode=data_collection label=cigarette_smoke infer=- ts=1781247167 voc=2649 co=3655 pm25=110 pms=true
[data] node_01 mode=data_collection label=cigarette_smoke infer=- ts=1781247168 voc=2641 co=3614 pm25=111 pms=true
[data] node_01 mode=data_collection label=cigarette_smoke infer=- ts=1781247169 voc=2663 co=3654 pm25=115 pms=true
[data] node_01 mode=data_collection label=cigarette_smoke infer=- ts=1781247179 voc=2669 co=3662 pm25=118 pms=true
[data] node_01 mode=data_collection label=cigarette_smoke infer=- ts=1781247180 voc=2645 co=3616 pm25=124 pms=true
[data] node_01 mode=data_collection label=cigarette_smoke infer=- ts=1781247181 voc=2665 co=3663 pm25=127 pms=true
[data] node_01 mode=data_collection label=cigarette_smoke infer=- ts=1781247211 voc=2666 co=3667 pm25=97 pms=true
[data] node_01 mode=data_collection label=cigarette_smoke infer=- ts=1781247212 voc=2640 co=3613 pm25=95 pms=true
[data] node_01 mode=data_collection label=cigarette_smoke infer=- ts=1781247213 voc=2669 co=3658 pm25=93 pms=true
[data] node_01 mode=data_collection label=cigarette_smoke infer=- ts=1781247214 voc=2652 co=3618 pm25=91 pms=true
[data] node_01 mode=data_collection label=cigarette_smoke infer=- ts=1781247215 voc=2666 co=3666 pm25=93 pms=true
[data] node_01 mode=data_collection label=cigarette_smoke infer=- ts=1781247216 voc=2644 co=3618 pm25=94 pms=true
[data] node_01 mode=data_collection label=cigarette_smoke infer=- ts=1781247217 voc=2667 co=3656 pm25=96 pms=true
[data] node_01 mode=data_collection label=cigarette_smoke infer=- ts=1781247218 voc=2646 co=3611 pm25=97 pms=true
[data] node_01 mode=data_collection label=cigarette_smoke infer=- ts=1781247228 voc=2640 co=3612 pm25=98 pms=true
[data] node_01 mode=data_collection label=cigarette_smoke infer=- ts=1781247229 voc=2668 co=3661 pm25=95 pms=true
[data] node_01 mode=data_collection label=cigarette_smoke infer=- ts=1781247231 voc=2644 co=3613 pm25=92 pms=true
[data] node_01 mode=data_collection label=cigarette_smoke infer=- ts=1781247232 voc=2665 co=3654 pm25=88 pms=true
[data] node_01 mode=data_collection label=cigarette_smoke infer=- ts=1781247233 voc=2655 co=3624 pm25=86 pms=true
[data] node_01 mode=data_collection label=cigarette_smoke infer=- ts=1781247234 voc=2664 co=3668 pm25=84 pms=true
[data] node_01 mode=data_collection label=cigarette_smoke infer=- ts=1781247235 voc=2642 co=3607 pm25=83 pms=true
[data] node_01 mode=data_collection label=cigarette_smoke infer=- ts=1781247236 voc=2663 co=3657 pm25=80 pms=true
[data] node_01 mode=data_collection label=cigarette_smoke infer=- ts=1781247237 voc=2648 co=3619 pm25=80 pms=true
[data] node_01 mode=data_collection label=cigarette_smoke infer=- ts=1781247238 voc=2672 co=3665 pm25=78 pms=true
[data] node_01 mode=data_collection label=cigarette_smoke infer=- ts=1781247239 voc=2652 co=3607 pm25=76 pms=true
[data] node_01 mode=data_collection label=cigarette_smoke infer=- ts=1781247240 voc=2664 co=3653 pm25=74 pms=true
[data] node_01 mode=data_collection label=cigarette_smoke infer=- ts=1781247241 voc=2642 co=3608 pm25=73 pms=true
[data] node_01 mode=data_collection label=cigarette_smoke infer=- ts=1781247242 voc=2661 co=3656 pm25=72 pms=true
[data] node_01 mode=data_collection label=cigarette_smoke infer=- ts=1781247243 voc=2644 co=3611 pm25=71 pms=true
[data] node_01 mode=data_collection label=cigarette_smoke infer=- ts=1781247244 voc=2667 co=3676 pm25=70 pms=true
[data] node_01 mode=data_collection label=cigarette_smoke infer=- ts=1781247245 voc=2652 co=3621 pm25=68 pms=true
[data] node_01 mode=data_collection label=cigarette_smoke infer=- ts=1781247246 voc=2665 co=3662 pm25=67 pms=true
[data] node_01 mode=data_collection label=cigarette_smoke infer=- ts=1781247247 voc=2647 co=3606 pm25=66 pms=true
[data] node_01 mode=data_collection label=cigarette_smoke infer=- ts=1781247248 voc=2669 co=3660 pm25=64 pms=true
[data] node_01 mode=data_collection label=cigarette_smoke infer=- ts=1781247249 voc=2644 co=3607 pm25=64 pms=true
[data] node_01 mode=data_collection label=cigarette_smoke infer=- ts=1781247250 voc=2662 co=3663 pm25=62 pms=true
[data] node_01 mode=data_collection label=cigarette_smoke infer=- ts=1781247251 voc=2650 co=3620 pm25=61 pms=true
[data] node_01 mode=data_collection label=cigarette_smoke infer=- ts=1781247252 voc=2666 co=3656 pm25=59 pms=true
[data] node_01 mode=data_collection label=cigarette_smoke infer=- ts=1781247254 voc=2647 co=3623 pm25=59 pms=true
[data] node_01 mode=data_collection label=cigarette_smoke infer=- ts=1781247255 voc=2667 co=3662 pm25=58 pms=true
[data] node_01 mode=data_collection label=cigarette_smoke infer=- ts=1781247256 voc=2640 co=3586 pm25=58 pms=true
[data] node_01 mode=data_collection label=cigarette_smoke infer=- ts=1781247257 voc=2666 co=3660 pm25=58 pms=true
[data] node_01 mode=data_collection label=cigarette_smoke infer=- ts=1781247258 voc=2648 co=3619 pm25=58 pms=true
[data] node_01 mode=data_collection label=cigarette_smoke infer=- ts=1781247259 voc=2663 co=3670 pm25=58 pms=true
[data] node_01 mode=data_collection label=cigarette_smoke infer=- ts=1781247260 voc=2642 co=3623 pm25=57 pms=true
[data] node_01 mode=data_collection label=cigarette_smoke infer=- ts=1781247261 voc=2668 co=3667 pm25=57 pms=true
[data] node_01 mode=data_collection label=cigarette_smoke infer=- ts=1781247262 voc=2644 co=3616 pm25=57 pms=true
[data] node_01 mode=data_collection label=cigarette_smoke infer=- ts=1781247263 voc=2662 co=3663 pm25=57 pms=true
[data] node_01 mode=data_collection label=cigarette_smoke infer=- ts=1781247264 voc=2648 co=3611 pm25=57 pms=true
[data] node_01 mode=data_collection label=cigarette_smoke infer=- ts=1781247265 voc=2669 co=3664 pm25=56 pms=true
[data] node_01 mode=data_collection label=cigarette_smoke infer=- ts=1781247266 voc=2643 co=3621 pm25=56 pms=true
[data] node_01 mode=data_collection label=cigarette_smoke infer=- ts=1781247267 voc=2667 co=3671 pm25=56 pms=true
[data] node_01 mode=data_collection label=cigarette_smoke infer=- ts=1781247268 voc=2638 co=3605 pm25=56 pms=true
[data] node_01 mode=data_collection label=cigarette_smoke infer=- ts=1781247269 voc=2665 co=3664 pm25=56 pms=true
[data] node_01 mode=data_collection label=cigarette_smoke infer=- ts=1781247270 voc=2648 co=3608 pm25=56 pms=true
[data] node_01 mode=data_collection label=cigarette_smoke infer=- ts=1781247271 voc=2667 co=3668 pm25=56 pms=true
[data] node_01 mode=data_collection label=cigarette_smoke infer=- ts=1781247272 voc=2641 co=3612 pm25=56 pms=true
[data] node_01 mode=data_collection label=cigarette_smoke infer=- ts=1781247273 voc=2665 co=3661 pm25=55 pms=true
[data] node_01 mode=data_collection label=cigarette_smoke infer=- ts=1781247274 voc=2642 co=3620 pm25=55 pms=true
[data] node_01 mode=data_collection label=cigarette_smoke infer=- ts=1781247276 voc=2666 co=3662 pm25=54 pms=true
[data] node_01 mode=data_collection label=cigarette_smoke infer=- ts=1781247277 voc=2647 co=3613 pm25=54 pms=true
[data] node_01 mode=data_collection label=cigarette_smoke infer=- ts=1781247278 voc=2672 co=3669 pm25=54 pms=true
[data] node_01 mode=data_collection label=cigarette_smoke infer=- ts=1781247279 voc=2643 co=3606 pm25=55 pms=true
[data] node_01 mode=data_collection label=cigarette_smoke infer=- ts=1781247280 voc=2672 co=3667 pm25=54 pms=true
[data] node_01 mode=data_collection label=cigarette_smoke infer=- ts=1781247281 voc=2646 co=3620 pm25=54 pms=true
[data] node_01 mode=data_collection label=cigarette_smoke infer=- ts=1781247282 voc=2669 co=3665 pm25=53 pms=true
[data] node_01 mode=data_collection label=cigarette_smoke infer=- ts=1781247283 voc=2656 co=3613 pm25=53 pms=true
[data] node_01 mode=data_collection label=cigarette_smoke infer=- ts=1781247284 voc=2666 co=3657 pm25=53 pms=true
[data] node_01 mode=data_collection label=cigarette_smoke infer=- ts=1781247285 voc=2647 co=3618 pm25=52 pms=true
[data] node_01 mode=data_collection label=cigarette_smoke infer=- ts=1781247286 voc=2666 co=3662 pm25=52 pms=true
[data] node_01 mode=data_collection label=cigarette_smoke infer=- ts=1781247287 voc=2638 co=3622 pm25=51 pms=true
[data] node_01 mode=data_collection label=cigarette_smoke infer=- ts=1781247288 voc=2667 co=3659 pm25=52 pms=true
[data] node_01 mode=data_collection label=cigarette_smoke infer=- ts=1781247289 voc=2652 co=3603 pm25=52 pms=true
[data] node_01 mode=data_collection label=cigarette_smoke infer=- ts=1781247290 voc=2671 co=3656 pm25=52 pms=true
[data] node_01 mode=data_collection label=cigarette_smoke infer=- ts=1781247291 voc=2642 co=3612 pm25=52 pms=true
[data] node_01 mode=data_collection label=cigarette_smoke infer=- ts=1781247292 voc=2668 co=3673 pm25=52 pms=true
[data] node_01 mode=data_collection label=cigarette_smoke infer=- ts=1781247293 voc=2643 co=3620 pm25=52 pms=true
[data] node_01 mode=data_collection label=cigarette_smoke infer=- ts=1781247294 voc=2665 co=3661 pm25=51 pms=true
[data] node_01 mode=data_collection label=cigarette_smoke infer=- ts=1781247295 voc=2655 co=3618 pm25=51 pms=true
[data] node_01 mode=data_collection label=cigarette_smoke infer=- ts=1781247296 voc=2664 co=3667 pm25=51 pms=true
[data] node_01 mode=data_collection label=cigarette_smoke infer=- ts=1781247297 voc=2639 co=3613 pm25=51 pms=true
[data] node_01 mode=data_collection label=cigarette_smoke infer=- ts=1781247299 voc=2664 co=3656 pm25=51 pms=true
[data] node_01 mode=data_collection label=cigarette_smoke infer=- ts=1781247300 voc=2643 co=3606 pm25=52 pms=true
[data] node_01 mode=data_collection label=cigarette_smoke infer=- ts=1781247301 voc=2672 co=3658 pm25=51 pms=true
[data] node_01 mode=data_collection label=cigarette_smoke infer=- ts=1781247302 voc=2654 co=3608 pm25=51 pms=true
[data] node_01 mode=data_collection label=cigarette_smoke infer=- ts=1781247303 voc=2646 co=3667 pm25=51 pms=true
[data] node_01 mode=data_collection label=cigarette_smoke infer=- ts=1781247304 voc=2648 co=3618 pm25=51 pms=true
[data] node_01 mode=data_collection label=cigarette_smoke infer=- ts=1781247305 voc=2668 co=3655 pm25=51 pms=true
[data] node_01 mode=data_collection label=cigarette_smoke infer=- ts=1781247306 voc=2648 co=3606 pm25=50 pms=true
[data] node_01 mode=data_collection label=cigarette_smoke infer=- ts=1781247307 voc=2660 co=3647 pm25=50 pms=true
[data] node_01 mode=data_collection label=cigarette_smoke infer=- ts=1781247308 voc=2654 co=3613 pm25=50 pms=true
[data] node_01 mode=data_collection label=cigarette_smoke infer=- ts=1781247309 voc=2665 co=3656 pm25=50 pms=true
[data] node_01 mode=data_collection label=cigarette_smoke infer=- ts=1781247310 voc=2647 co=3571 pm25=50 pms=true
[data] node_01 mode=data_collection label=cigarette_smoke infer=- ts=1781247311 voc=2667 co=3658 pm25=50 pms=true
[data] node_01 mode=data_collection label=cigarette_smoke infer=- ts=1781247312 voc=2647 co=3622 pm25=50 pms=true
[data] node_01 mode=data_collection label=cigarette_smoke infer=- ts=1781247313 voc=2664 co=3665 pm25=50 pms=true
[data] node_01 mode=data_collection label=cigarette_smoke infer=- ts=1781247314 voc=2657 co=3608 pm25=50 pms=true
[data] node_01 mode=data_collection label=cigarette_smoke infer=- ts=1781247315 voc=2662 co=3657 pm25=51 pms=true
[data] node_01 mode=data_collection label=cigarette_smoke infer=- ts=1781247316 voc=2642 co=3609 pm25=51 pms=true
[data] node_01 mode=data_collection label=cigarette_smoke infer=- ts=1781247317 voc=2663 co=3636 pm25=51 pms=true
[data] node_01 mode=data_collection label=cigarette_smoke infer=- ts=1781247318 voc=2645 co=3610 pm25=51 pms=true
[data] node_01 mode=data_collection label=cigarette_smoke infer=- ts=1781247319 voc=2666 co=3669 pm25=51 pms=true
[data] node_01 mode=data_collection label=cigarette_smoke infer=- ts=1781247321 voc=2650 co=3609 pm25=51 pms=true
[data] node_01 mode=data_collection label=cigarette_smoke infer=- ts=1781247322 voc=2661 co=3659 pm25=51 pms=true
[data] node_01 mode=data_collection label=cigarette_smoke infer=- ts=1781247323 voc=2641 co=3610 pm25=51 pms=true
[data] node_01 mode=data_collection label=cigarette_smoke infer=- ts=1781247324 voc=2663 co=3665 pm25=51 pms=true
[data] node_01 mode=data_collection label=cigarette_smoke infer=- ts=1781247325 voc=2644 co=3618 pm25=51 pms=true
[data] node_01 mode=data_collection label=cigarette_smoke infer=- ts=1781247326 voc=2665 co=3654 pm25=51 pms=true
[data] node_01 mode=data_collection label=cigarette_smoke infer=- ts=1781247327 voc=2652 co=3615 pm25=50 pms=true
[data] node_01 mode=data_collection label=cigarette_smoke infer=- ts=1781247328 voc=2667 co=3664 pm25=50 pms=true
[data] node_01 mode=data_collection label=cigarette_smoke infer=- ts=1781247329 voc=2641 co=3610 pm25=49 pms=true
[data] node_01 mode=data_collection label=cigarette_smoke infer=- ts=1781247330 voc=2671 co=3667 pm25=50 pms=true
[data] node_01 mode=data_collection label=cigarette_smoke infer=- ts=1781247331 voc=2635 co=3602 pm25=50 pms=true
[data] node_01 mode=data_collection label=cigarette_smoke infer=- ts=1781247332 voc=2664 co=3657 pm25=50 pms=true
[data] node_01 mode=data_collection label=cigarette_smoke infer=- ts=1781247333 voc=2653 co=3607 pm25=49 pms=true
[data] node_01 mode=data_collection label=cigarette_smoke infer=- ts=1781247334 voc=2668 co=3664 pm25=49 pms=true
[data] node_01 mode=data_collection label=cigarette_smoke infer=- ts=1781247335 voc=2643 co=3598 pm25=49 pms=true
[data] node_01 mode=data_collection label=cigarette_smoke infer=- ts=1781247336 voc=2669 co=3656 pm25=50 pms=true
[data] node_01 mode=data_collection label=cigarette_smoke infer=- ts=1781247337 voc=2639 co=3613 pm25=50 pms=true
[data] node_01 mode=data_collection label=cigarette_smoke infer=- ts=1781247338 voc=2668 co=3654 pm25=50 pms=true
[data] node_01 mode=data_collection label=cigarette_smoke infer=- ts=1781247339 voc=2650 co=3616 pm25=49 pms=true
[data] node_01 mode=data_collection label=cigarette_smoke infer=- ts=1781247340 voc=2669 co=3662 pm25=49 pms=true
[data] node_01 mode=data_collection label=cigarette_smoke infer=- ts=1781247341 voc=2641 co=3601 pm25=49 pms=true
[data] node_01 mode=data_collection label=cigarette_smoke infer=- ts=1781247343 voc=2669 co=3671 pm25=49 pms=true
[data] node_01 mode=data_collection label=cigarette_smoke infer=- ts=1781247344 voc=2639 co=3610 pm25=49 pms=true
[data] node_01 mode=data_collection label=cigarette_smoke infer=- ts=1781247345 voc=2667 co=3669 pm25=49 pms=true
[data] node_01 mode=data_collection label=cigarette_smoke infer=- ts=1781247346 voc=2655 co=3605 pm25=49 pms=true
[data] node_01 mode=data_collection label=cigarette_smoke infer=- ts=1781247347 voc=2667 co=3663 pm25=49 pms=true
[data] node_01 mode=data_collection label=cigarette_smoke infer=- ts=1781247348 voc=2641 co=3620 pm25=50 pms=true
[data] node_01 mode=data_collection label=cigarette_smoke infer=- ts=1781247349 voc=2666 co=3672 pm25=50 pms=true
[data] node_01 mode=data_collection label=cigarette_smoke infer=- ts=1781247350 voc=2648 co=3612 pm25=50 pms=true
[data] node_01 mode=data_collection label=cigarette_smoke infer=- ts=1781247351 voc=2666 co=3669 pm25=49 pms=true
[data] node_01 mode=data_collection label=cigarette_smoke infer=- ts=1781247352 voc=2648 co=3618 pm25=49 pms=true
[data] node_01 mode=data_collection label=cigarette_smoke infer=- ts=1781247353 voc=2658 co=3660 pm25=49 pms=true
[data] node_01 mode=data_collection label=cigarette_smoke infer=- ts=1781247354 voc=2642 co=3615 pm25=49 pms=true
[data] node_01 mode=data_collection label=cigarette_smoke infer=- ts=1781247355 voc=2664 co=3687 pm25=49 pms=true
[data] node_01 mode=data_collection label=cigarette_smoke infer=- ts=1781247356 voc=2644 co=3609 pm25=49 pms=true
[data] node_01 mode=data_collection label=cigarette_smoke infer=- ts=1781247357 voc=2665 co=3665 pm25=49 pms=true
[data] node_01 mode=data_collection label=cigarette_smoke infer=- ts=1781247358 voc=2649 co=3613 pm25=49 pms=true
[data] node_01 mode=data_collection label=cigarette_smoke infer=- ts=1781247359 voc=2664 co=3658 pm25=49 pms=true
[data] node_01 mode=data_collection label=cigarette_smoke infer=- ts=1781247360 voc=2647 co=3604 pm25=50 pms=true
[data] node_01 mode=data_collection label=cigarette_smoke infer=- ts=1781247361 voc=2666 co=3654 pm25=50 pms=true
[data] node_01 mode=data_collection label=cigarette_smoke infer=- ts=1781247362 voc=2643 co=3620 pm25=50 pms=true
[data] node_01 mode=data_collection label=cigarette_smoke infer=- ts=1781247363 voc=2666 co=3658 pm25=49 pms=true
[data] node_01 mode=data_collection label=cigarette_smoke infer=- ts=1781247364 voc=2649 co=3620 pm25=49 pms=true
[data] node_01 mode=data_collection label=cigarette_smoke infer=- ts=1781247366 voc=2666 co=3667 pm25=48 pms=true
[data] node_01 mode=data_collection label=cigarette_smoke infer=- ts=1781247367 voc=2642 co=3611 pm25=48 pms=true
[data] node_01 mode=data_collection label=cigarette_smoke infer=- ts=1781247368 voc=2669 co=3659 pm25=48 pms=true
[data] node_01 mode=data_collection label=cigarette_smoke infer=- ts=1781247369 voc=2641 co=3615 pm25=49 pms=true
[data] node_01 mode=data_collection label=cigarette_smoke infer=- ts=1781247370 voc=2667 co=3664 pm25=50 pms=true
[data] node_01 mode=data_collection label=cigarette_smoke infer=- ts=1781247371 voc=2652 co=3617 pm25=50 pms=true
[data] node_01 mode=data_collection label=cigarette_smoke infer=- ts=1781247372 voc=2666 co=3634 pm25=49 pms=true
[data] node_01 mode=data_collection label=cigarette_smoke infer=- ts=1781247373 voc=2643 co=3604 pm25=49 pms=true
[data] node_01 mode=data_collection label=cigarette_smoke infer=- ts=1781247374 voc=2664 co=3659 pm25=49 pms=true
[data] node_01 mode=data_collection label=cigarette_smoke infer=- ts=1781247375 voc=2644 co=3611 pm25=49 pms=true
[data] node_01 mode=data_collection label=cigarette_smoke infer=- ts=1781247376 voc=2662 co=3662 pm25=49 pms=true
[data] node_01 mode=data_collection label=cigarette_smoke infer=- ts=1781247377 voc=2655 co=3620 pm25=49 pms=true
[data] node_01 mode=data_collection label=cigarette_smoke infer=- ts=1781247378 voc=2664 co=3665 pm25=50 pms=true
[data] node_01 mode=data_collection label=cigarette_smoke infer=- ts=1781247379 voc=2645 co=3604 pm25=50 pms=true
[data] node_01 mode=data_collection label=cigarette_smoke infer=- ts=1781247380 voc=2646 co=3657 pm25=50 pms=true
[data] node_01 mode=data_collection label=cigarette_smoke infer=- ts=1781247381 voc=2645 co=3613 pm25=49 pms=true
[data] node_01 mode=data_collection label=cigarette_smoke infer=- ts=1781247382 voc=2664 co=3665 pm25=49 pms=true
[data] node_01 mode=data_collection label=cigarette_smoke infer=- ts=1781247383 voc=2646 co=3615 pm25=49 pms=true
[data] node_01 mode=data_collection label=cigarette_smoke infer=- ts=1781247384 voc=2664 co=3665 pm25=49 pms=true
[data] node_01 mode=data_collection label=cigarette_smoke infer=- ts=1781247385 voc=2643 co=3615 pm25=49 pms=true
[data] node_01 mode=data_collection label=cigarette_smoke infer=- ts=1781247386 voc=2670 co=3658 pm25=50 pms=true
[data] node_01 mode=data_collection label=cigarette_smoke infer=- ts=1781247388 voc=2643 co=3616 pm25=50 pms=true
[data] node_01 mode=data_collection label=cigarette_smoke infer=- ts=1781247389 voc=2667 co=3658 pm25=50 pms=true
[data] node_01 mode=data_collection label=cigarette_smoke infer=- ts=1781247390 voc=2648 co=3609 pm25=50 pms=true
[data] node_01 mode=data_collection label=cigarette_smoke infer=- ts=1781247391 voc=2663 co=3666 pm25=50 pms=true
[data] node_01 mode=data_collection label=cigarette_smoke infer=- ts=1781247392 voc=2636 co=3601 pm25=50 pms=true
[data] node_01 mode=data_collection label=cigarette_smoke infer=- ts=1781247393 voc=2662 co=3656 pm25=49 pms=true
[data] node_01 mode=data_collection label=cigarette_smoke infer=- ts=1781247394 voc=2652 co=3611 pm25=48 pms=true
[data] node_01 mode=data_collection label=cigarette_smoke infer=- ts=1781247395 voc=2668 co=3662 pm25=48 pms=true
[data] node_01 mode=data_collection label=cigarette_smoke infer=- ts=1781247396 voc=2631 co=3598 pm25=49 pms=true
[data] node_01 mode=data_collection label=cigarette_smoke infer=- ts=1781247397 voc=2670 co=3662 pm25=49 pms=true
[data] node_01 mode=data_collection label=cigarette_smoke infer=- ts=1781247398 voc=2646 co=3604 pm25=48 pms=true
[data] node_01 mode=data_collection label=cigarette_smoke infer=- ts=1781247399 voc=2668 co=3662 pm25=48 pms=true
[data] node_01 mode=data_collection label=cigarette_smoke infer=- ts=1781247400 voc=2644 co=3622 pm25=48 pms=true
[data] node_01 mode=data_collection label=cigarette_smoke infer=- ts=1781247401 voc=2662 co=3651 pm25=48 pms=true
[data] node_01 mode=data_collection label=cigarette_smoke infer=- ts=1781247402 voc=2653 co=3614 pm25=48 pms=true
[data] node_01 mode=data_collection label=cigarette_smoke infer=- ts=1781247403 voc=2666 co=3671 pm25=48 pms=true
[data] node_01 mode=data_collection label=cigarette_smoke infer=- ts=1781247404 voc=2631 co=3604 pm25=47 pms=true
[data] node_01 mode=data_collection label=cigarette_smoke infer=- ts=1781247405 voc=2670 co=3663 pm25=47 pms=true
[data] node_01 mode=data_collection label=cigarette_smoke infer=- ts=1781247406 voc=2643 co=3613 pm25=47 pms=true
[data] node_01 mode=data_collection label=cigarette_smoke infer=- ts=1781247407 voc=2663 co=3669 pm25=47 pms=true
[data] node_01 mode=data_collection label=cigarette_smoke infer=- ts=1781247408 voc=2650 co=3610 pm25=47 pms=true
[data] node_01 mode=data_collection label=cigarette_smoke infer=- ts=1781247409 voc=2649 co=3666 pm25=48 pms=true
[data] node_01 mode=data_collection label=cigarette_smoke infer=- ts=1781247411 voc=2647 co=3607 pm25=49 pms=true
[data] node_01 mode=data_collection label=cigarette_smoke infer=- ts=1781247412 voc=2668 co=3658 pm25=49 pms=true
[data] node_01 mode=data_collection label=cigarette_smoke infer=- ts=1781247413 voc=2647 co=3617 pm25=49 pms=true
[data] node_01 mode=data_collection label=cigarette_smoke infer=- ts=1781247414 voc=2665 co=3660 pm25=49 pms=true
[data] node_01 mode=data_collection label=cigarette_smoke infer=- ts=1781247415 voc=2650 co=3616 pm25=49 pms=true
[data] node_01 mode=data_collection label=cigarette_smoke infer=- ts=1781247416 voc=2668 co=3675 pm25=49 pms=true
[data] node_01 mode=data_collection label=cigarette_smoke infer=- ts=1781247417 voc=2637 co=3615 pm25=50 pms=true
[data] node_01 mode=data_collection label=cigarette_smoke infer=- ts=1781247418 voc=2657 co=3665 pm25=50 pms=true
[data] node_01 mode=data_collection label=cigarette_smoke infer=- ts=1781247419 voc=2641 co=3607 pm25=50 pms=true
[data] node_01 mode=data_collection label=cigarette_smoke infer=- ts=1781247420 voc=2665 co=3667 pm25=49 pms=true
[data] node_01 mode=data_collection label=cigarette_smoke infer=- ts=1781247421 voc=2654 co=3613 pm25=49 pms=true
[data] node_01 mode=data_collection label=cigarette_smoke infer=- ts=1781247422 voc=2666 co=3662 pm25=50 pms=true
[data] node_01 mode=data_collection label=cigarette_smoke infer=- ts=1781247423 voc=2644 co=3609 pm25=51 pms=true
[data] node_01 mode=data_collection label=cigarette_smoke infer=- ts=1781247424 voc=2664 co=3664 pm25=51 pms=true
[data] node_01 mode=data_collection label=cigarette_smoke infer=- ts=1781247425 voc=2646 co=3601 pm25=51 pms=true
[data] node_01 mode=data_collection label=cigarette_smoke infer=- ts=1781247426 voc=2650 co=3659 pm25=51 pms=true
[data] node_01 mode=data_collection label=cigarette_smoke infer=- ts=1781247427 voc=2652 co=3610 pm25=50 pms=true
[data] node_01 mode=data_collection label=cigarette_smoke infer=- ts=1781247428 voc=2662 co=3667 pm25=50 pms=true
[data] node_01 mode=data_collection label=cigarette_smoke infer=- ts=1781247429 voc=2642 co=3607 pm25=50 pms=true
[data] node_01 mode=data_collection label=cigarette_smoke infer=- ts=1781247430 voc=2671 co=3659 pm25=50 pms=true
[data] node_01 mode=data_collection label=cigarette_smoke infer=- ts=1781247431 voc=2647 co=3616 pm25=49 pms=true
[data] node_01 mode=data_collection label=cigarette_smoke infer=- ts=1781247432 voc=2670 co=3663 pm25=49 pms=true
[data] node_01 mode=data_collection label=cigarette_smoke infer=- ts=1781247434 voc=2631 co=3604 pm25=49 pms=true
[data] node_01 mode=data_collection label=cigarette_smoke infer=- ts=1781247435 voc=2667 co=3666 pm25=49 pms=true
[data] node_01 mode=data_collection label=cigarette_smoke infer=- ts=1781247436 voc=2646 co=3608 pm25=49 pms=true
[data] node_01 mode=data_collection label=cigarette_smoke infer=- ts=1781247437 voc=2663 co=3656 pm25=49 pms=true
[data] node_01 mode=data_collection label=cigarette_smoke infer=- ts=1781247438 voc=2644 co=3618 pm25=48 pms=true
[data] node_01 mode=data_collection label=cigarette_smoke infer=- ts=1781247439 voc=2667 co=3654 pm25=48 pms=true
[data] node_01 mode=data_collection label=cigarette_smoke infer=- ts=1781247440 voc=2647 co=3612 pm25=48 pms=true
[data] node_01 mode=data_collection label=cigarette_smoke infer=- ts=1781247441 voc=2658 co=3663 pm25=48 pms=true
[data] node_01 mode=data_collection label=cigarette_smoke infer=- ts=1781247442 voc=2642 co=3613 pm25=48 pms=true
[data] node_01 mode=data_collection label=cigarette_smoke infer=- ts=1781247443 voc=2664 co=3661 pm25=48 pms=true
[data] node_01 mode=data_collection label=cigarette_smoke infer=- ts=1781247444 voc=2645 co=3618 pm25=47 pms=true
[data] node_01 mode=data_collection label=cigarette_smoke infer=- ts=1781247445 voc=2663 co=3670 pm25=47 pms=true
[data] node_01 mode=data_collection label=cigarette_smoke infer=- ts=1781247446 voc=2651 co=3610 pm25=49 pms=true
[data] node_01 mode=data_collection label=cigarette_smoke infer=- ts=1781247447 voc=2668 co=3665 pm25=49 pms=true
[data] node_01 mode=data_collection label=cigarette_smoke infer=- ts=1781247448 voc=2642 co=3604 pm25=49 pms=true
[data] node_01 mode=data_collection label=cigarette_smoke infer=- ts=1781247449 voc=2666 co=3657 pm25=47 pms=true
[data] node_01 mode=data_collection label=cigarette_smoke infer=- ts=1781247450 voc=2650 co=3614 pm25=47 pms=true
[data] node_01 mode=data_collection label=cigarette_smoke infer=- ts=1781247451 voc=2667 co=3661 pm25=47 pms=true
[data] node_01 mode=data_collection label=cigarette_smoke infer=- ts=1781247452 voc=2652 co=3606 pm25=47 pms=true
[data] node_01 mode=data_collection label=cigarette_smoke infer=- ts=1781247453 voc=2665 co=3653 pm25=49 pms=true
[data] node_01 mode=data_collection label=cigarette_smoke infer=- ts=1781247454 voc=2650 co=3607 pm25=50 pms=true
[data] node_01 mode=data_collection label=cigarette_smoke infer=- ts=1781247456 voc=2664 co=3664 pm25=64 pms=true
[data] node_01 mode=data_collection label=cigarette_smoke infer=- ts=1781247457 voc=2643 co=3605 pm25=80 pms=true
[data] node_01 mode=data_collection label=cigarette_smoke infer=- ts=1781247569 voc=2674 co=3667 pm25=116 pms=true
[data] node_01 mode=data_collection label=cigarette_smoke infer=- ts=1781247570 voc=2644 co=3615 pm25=113 pms=true
[data] node_01 mode=data_collection label=cigarette_smoke infer=- ts=1781247571 voc=2672 co=3657 pm25=111 pms=true
[data] node_01 mode=data_collection label=cigarette_smoke infer=- ts=1781247572 voc=2655 co=3608 pm25=110 pms=true
[data] node_01 mode=data_collection label=cigarette_smoke infer=- ts=1781247573 voc=2661 co=3669 pm25=109 pms=true
[data] node_01 mode=data_collection label=cigarette_smoke infer=- ts=1781247574 voc=2641 co=3622 pm25=107 pms=true
[data] node_01 mode=data_collection label=cigarette_smoke infer=- ts=1781247581 voc=2631 co=3652 pm25=96 pms=true
[data] node_01 mode=data_collection label=cigarette_smoke infer=- ts=1781247582 voc=2646 co=3619 pm25=93 pms=true
[data] node_01 mode=data_collection label=cigarette_smoke infer=- ts=1781247583 voc=2664 co=3614 pm25=91 pms=true
[data] node_01 mode=data_collection label=cigarette_smoke infer=- ts=1781247584 voc=2650 co=3598 pm25=90 pms=true
[data] node_01 mode=data_collection label=cigarette_smoke infer=- ts=1781247585 voc=2661 co=3637 pm25=90 pms=true
[data] node_01 mode=data_collection label=cigarette_smoke infer=- ts=1781247586 voc=2639 co=3614 pm25=93 pms=true
[data] node_01 mode=data_collection label=cigarette_smoke infer=- ts=1781247587 voc=2655 co=3662 pm25=94 pms=true
[data] node_01 mode=data_collection label=cigarette_smoke infer=- ts=1781247588 voc=2638 co=3609 pm25=97 pms=true
[data] node_01 mode=data_collection label=cigarette_smoke infer=- ts=1781247601 voc=2650 co=3624 pm25=97 pms=true
[data] node_01 mode=data_collection label=cigarette_smoke infer=- ts=1781247602 voc=2672 co=3675 pm25=94 pms=true
[data] node_01 mode=data_collection label=cigarette_smoke infer=- ts=1781247603 voc=2656 co=3621 pm25=91 pms=true
[data] node_01 mode=data_collection label=cigarette_smoke infer=- ts=1781247604 voc=2672 co=3663 pm25=88 pms=true
[data] node_01 mode=data_collection label=cigarette_smoke infer=- ts=1781247605 voc=2607 co=3605 pm25=85 pms=true
[data] node_01 mode=data_collection label=cigarette_smoke infer=- ts=1781247606 voc=2669 co=3668 pm25=83 pms=true
[data] node_01 mode=data_collection label=cigarette_smoke infer=- ts=1781247607 voc=2649 co=3615 pm25=81 pms=true
[data] node_01 mode=data_collection label=cigarette_smoke infer=- ts=1781247608 voc=2672 co=3662 pm25=80 pms=true
[data] node_01 mode=data_collection label=cigarette_smoke infer=- ts=1781247609 voc=2657 co=3616 pm25=78 pms=true
[data] node_01 mode=data_collection label=cigarette_smoke infer=- ts=1781247610 voc=2668 co=3667 pm25=76 pms=true
[data] node_01 mode=data_collection label=cigarette_smoke infer=- ts=1781247611 voc=2648 co=3618 pm25=75 pms=true
[data] node_01 mode=data_collection label=cigarette_smoke infer=- ts=1781247612 voc=2675 co=3669 pm25=77 pms=true
[data] node_01 mode=data_collection label=cigarette_smoke infer=- ts=1781247614 voc=2648 co=3624 pm25=80 pms=true
[data] node_01 mode=data_collection label=cigarette_smoke infer=- ts=1781247615 voc=2673 co=3669 pm25=82 pms=true
[data] node_01 mode=data_collection label=cigarette_smoke infer=- ts=1781247616 voc=2655 co=3614 pm25=84 pms=true
[data] node_01 mode=data_collection label=cigarette_smoke infer=- ts=1781247617 voc=2676 co=3664 pm25=87 pms=true
[data] node_01 mode=data_collection label=cigarette_smoke infer=- ts=1781247618 voc=2651 co=3618 pm25=88 pms=true
[data] node_01 mode=data_collection label=cigarette_smoke infer=- ts=1781247619 voc=2672 co=3665 pm25=89 pms=true
[data] node_01 mode=data_collection label=cigarette_smoke infer=- ts=1781247620 voc=2648 co=3619 pm25=89 pms=true
[data] node_01 mode=data_collection label=cigarette_smoke infer=- ts=1781247621 voc=2675 co=3669 pm25=90 pms=true
[data] node_01 mode=data_collection label=cigarette_smoke infer=- ts=1781247622 voc=2658 co=3622 pm25=88 pms=true
[data] node_01 mode=data_collection label=cigarette_smoke infer=- ts=1781247623 voc=2673 co=3668 pm25=85 pms=true
[data] node_01 mode=data_collection label=cigarette_smoke infer=- ts=1781247624 voc=2648 co=3619 pm25=83 pms=true
[data] node_01 mode=data_collection label=cigarette_smoke infer=- ts=1781247625 voc=2655 co=3674 pm25=80 pms=true
[data] node_01 mode=data_collection label=cigarette_smoke infer=- ts=1781247626 voc=2647 co=3616 pm25=79 pms=true
[data] node_01 mode=data_collection label=cigarette_smoke infer=- ts=1781247627 voc=2675 co=3672 pm25=78 pms=true
[data] node_01 mode=data_collection label=cigarette_smoke infer=- ts=1781247628 voc=2659 co=3618 pm25=76 pms=true
[data] node_01 mode=data_collection label=cigarette_smoke infer=- ts=1781247629 voc=2674 co=3634 pm25=73 pms=true
[data] node_01 mode=data_collection label=cigarette_smoke infer=- ts=1781247630 voc=2649 co=3617 pm25=72 pms=true
[data] node_01 mode=data_collection label=cigarette_smoke infer=- ts=1781247631 voc=2669 co=3668 pm25=71 pms=true
[data] node_01 mode=data_collection label=cigarette_smoke infer=- ts=1781247632 voc=2647 co=3618 pm25=69 pms=true
[data] node_01 mode=data_collection label=cigarette_smoke infer=- ts=1781247633 voc=2672 co=3657 pm25=68 pms=true
[data] node_01 mode=data_collection label=cigarette_smoke infer=- ts=1781247634 voc=2651 co=3619 pm25=68 pms=true
[data] node_01 mode=data_collection label=cigarette_smoke infer=- ts=1781247635 voc=2653 co=3663 pm25=67 pms=true
[data] node_01 mode=data_collection label=cigarette_smoke infer=- ts=1781247637 voc=2646 co=3613 pm25=66 pms=true
[data] node_01 mode=data_collection label=cigarette_smoke infer=- ts=1781247638 voc=2670 co=3665 pm25=64 pms=true
[data] node_01 mode=data_collection label=cigarette_smoke infer=- ts=1781247639 voc=2652 co=3622 pm25=63 pms=true
[data] node_01 mode=data_collection label=cigarette_smoke infer=- ts=1781247640 voc=2672 co=3669 pm25=63 pms=true
[data] node_01 mode=data_collection label=cigarette_smoke infer=- ts=1781247641 voc=2653 co=3619 pm25=62 pms=true
[data] node_01 mode=data_collection label=cigarette_smoke infer=- ts=1781247642 voc=2672 co=3671 pm25=62 pms=true
[data] node_01 mode=data_collection label=cigarette_smoke infer=- ts=1781247643 voc=2650 co=3629 pm25=62 pms=true
[data] node_01 mode=data_collection label=cigarette_smoke infer=- ts=1781247644 voc=2672 co=3668 pm25=61 pms=true
[data] node_01 mode=data_collection label=cigarette_smoke infer=- ts=1781247645 voc=2656 co=3615 pm25=61 pms=true
[data] node_01 mode=data_collection label=cigarette_smoke infer=- ts=1781247646 voc=2674 co=3667 pm25=60 pms=true
[data] node_01 mode=data_collection label=cigarette_smoke infer=- ts=1781247647 voc=2656 co=3623 pm25=60 pms=true
[data] node_01 mode=data_collection label=cigarette_smoke infer=- ts=1781247648 voc=2674 co=3669 pm25=60 pms=true
[data] node_01 mode=data_collection label=cigarette_smoke infer=- ts=1781247649 voc=2634 co=3621 pm25=59 pms=true
[data] node_01 mode=data_collection label=cigarette_smoke infer=- ts=1781247650 voc=2674 co=3665 pm25=58 pms=true
[data] node_01 mode=data_collection label=cigarette_smoke infer=- ts=1781247651 voc=2653 co=3623 pm25=58 pms=true
[data] node_01 mode=data_collection label=cigarette_smoke infer=- ts=1781247652 voc=2672 co=3671 pm25=58 pms=true
[data] node_01 mode=data_collection label=cigarette_smoke infer=- ts=1781247653 voc=2639 co=3616 pm25=57 pms=true
[data] node_01 mode=data_collection label=cigarette_smoke infer=- ts=1781247654 voc=2672 co=3667 pm25=57 pms=true
[data] node_01 mode=data_collection label=cigarette_smoke infer=- ts=1781247655 voc=2649 co=3618 pm25=55 pms=true
[data] node_01 mode=data_collection label=cigarette_smoke infer=- ts=1781247656 voc=2672 co=3667 pm25=55 pms=true
[data] node_01 mode=data_collection label=cigarette_smoke infer=- ts=1781247657 voc=2649 co=3622 pm25=55 pms=true
[data] node_01 mode=data_collection label=cigarette_smoke infer=- ts=1781247659 voc=2672 co=3666 pm25=55 pms=true
[data] node_01 mode=data_collection label=cigarette_smoke infer=- ts=1781247660 voc=2657 co=3619 pm25=54 pms=true
[data] node_01 mode=data_collection label=cigarette_smoke infer=- ts=1781247661 voc=2674 co=3664 pm25=54 pms=true
[data] node_01 mode=data_collection label=cigarette_smoke infer=- ts=1781247662 voc=2652 co=3619 pm25=53 pms=true
[data] node_01 mode=data_collection label=cigarette_smoke infer=- ts=1781247663 voc=2669 co=3634 pm25=53 pms=true
[data] node_01 mode=data_collection label=cigarette_smoke infer=- ts=1781247664 voc=2647 co=3624 pm25=52 pms=true
[data] node_01 mode=data_collection label=cigarette_smoke infer=- ts=1781247665 voc=2665 co=3665 pm25=53 pms=true
[data] node_01 mode=data_collection label=cigarette_smoke infer=- ts=1781247666 voc=2653 co=3617 pm25=53 pms=true
[data] node_01 mode=data_collection label=cigarette_smoke infer=- ts=1781247667 voc=2668 co=3672 pm25=54 pms=true
[data] node_01 mode=data_collection label=cigarette_smoke infer=- ts=1781247668 voc=2646 co=3611 pm25=55 pms=true
[data] node_01 mode=data_collection label=cigarette_smoke infer=- ts=1781247669 voc=2668 co=3662 pm25=56 pms=true
[data] node_01 mode=data_collection label=cigarette_smoke infer=- ts=1781247670 voc=2643 co=3620 pm25=57 pms=true
[data] node_01 mode=data_collection label=cigarette_smoke infer=- ts=1781247671 voc=2668 co=3665 pm25=57 pms=true
[data] node_01 mode=data_collection label=cigarette_smoke infer=- ts=1781247672 voc=2654 co=3617 pm25=57 pms=true
[data] node_01 mode=data_collection label=cigarette_smoke infer=- ts=1781247673 voc=2667 co=3667 pm25=58 pms=true
[data] node_01 mode=data_collection label=cigarette_smoke infer=- ts=1781247674 voc=2646 co=3624 pm25=60 pms=true
[data] node_01 mode=data_collection label=cigarette_smoke infer=- ts=1781247675 voc=2669 co=3668 pm25=60 pms=true
[data] node_01 mode=data_collection label=cigarette_smoke infer=- ts=1781247676 voc=2629 co=3616 pm25=61 pms=true
[data] node_01 mode=data_collection label=cigarette_smoke infer=- ts=1781247677 voc=2670 co=3667 pm25=60 pms=true
[data] node_01 mode=data_collection label=cigarette_smoke infer=- ts=1781247678 voc=2650 co=3621 pm25=60 pms=true
[data] node_01 mode=data_collection label=cigarette_smoke infer=- ts=1781247679 voc=2668 co=3669 pm25=60 pms=true
[data] node_01 mode=data_collection label=cigarette_smoke infer=- ts=1781247680 voc=2644 co=3619 pm25=59 pms=true
[data] node_01 mode=data_collection label=cigarette_smoke infer=- ts=1781247682 voc=2670 co=3668 pm25=58 pms=true
[data] node_01 mode=data_collection label=cigarette_smoke infer=- ts=1781247683 voc=2644 co=3624 pm25=57 pms=true
[data] node_01 mode=data_collection label=cigarette_smoke infer=- ts=1781247684 voc=2667 co=3665 pm25=57 pms=true
[data] node_01 mode=data_collection label=cigarette_smoke infer=- ts=1781247685 voc=2651 co=3621 pm25=56 pms=true
[data] node_01 mode=data_collection label=cigarette_smoke infer=- ts=1781247686 voc=2662 co=3665 pm25=56 pms=true
[data] node_01 mode=data_collection label=cigarette_smoke infer=- ts=1781247687 voc=2642 co=3610 pm25=55 pms=true
[data] node_01 mode=data_collection label=cigarette_smoke infer=- ts=1781247688 voc=2653 co=3675 pm25=55 pms=true
[data] node_01 mode=data_collection label=cigarette_smoke infer=- ts=1781247689 voc=2644 co=3616 pm25=54 pms=true
[data] node_01 mode=data_collection label=cigarette_smoke infer=- ts=1781247690 voc=2670 co=3664 pm25=53 pms=true
[data] node_01 mode=data_collection label=cigarette_smoke infer=- ts=1781247691 voc=2650 co=3621 pm25=53 pms=true
[data] node_01 mode=data_collection label=cigarette_smoke infer=- ts=1781247692 voc=2668 co=3666 pm25=52 pms=true
[data] node_01 mode=data_collection label=cigarette_smoke infer=- ts=1781247693 voc=2645 co=3619 pm25=52 pms=true
[data] node_01 mode=data_collection label=cigarette_smoke infer=- ts=1781247694 voc=2669 co=3661 pm25=52 pms=true
[data] node_01 mode=data_collection label=cigarette_smoke infer=- ts=1781247695 voc=2645 co=3619 pm25=52 pms=true
[data] node_01 mode=data_collection label=cigarette_smoke infer=- ts=1781247696 voc=2668 co=3668 pm25=52 pms=true
[data] node_01 mode=data_collection label=cigarette_smoke infer=- ts=1781247697 voc=2652 co=3618 pm25=51 pms=true
[data] node_01 mode=data_collection label=cigarette_smoke infer=- ts=1781247698 voc=2667 co=3668 pm25=51 pms=true
[data] node_01 mode=data_collection label=cigarette_smoke infer=- ts=1781247699 voc=2645 co=3617 pm25=51 pms=true
[data] node_01 mode=data_collection label=cigarette_smoke infer=- ts=1781247700 voc=2671 co=3671 pm25=52 pms=true
[data] node_01 mode=data_collection label=cigarette_smoke infer=- ts=1781247701 voc=2644 co=3617 pm25=52 pms=true
[data] node_01 mode=data_collection label=cigarette_smoke infer=- ts=1781247702 voc=2669 co=3667 pm25=52 pms=true
[data] node_01 mode=data_collection label=cigarette_smoke infer=- ts=1781247704 voc=2651 co=3593 pm25=51 pms=true
[data] node_01 mode=data_collection label=cigarette_smoke infer=- ts=1781247705 voc=2668 co=3668 pm25=51 pms=true
[data] node_01 mode=data_collection label=cigarette_smoke infer=- ts=1781247706 voc=2647 co=3615 pm25=51 pms=true
[data] node_01 mode=data_collection label=cigarette_smoke infer=- ts=1781247707 voc=2666 co=3665 pm25=52 pms=true
[data] node_01 mode=data_collection label=cigarette_smoke infer=- ts=1781247708 voc=2645 co=3613 pm25=52 pms=true
[data] node_01 mode=data_collection label=cigarette_smoke infer=- ts=1781247709 voc=2671 co=3666 pm25=52 pms=true
[data] node_01 mode=data_collection label=cigarette_smoke infer=- ts=1781247710 voc=2651 co=3620 pm25=51 pms=true
[data] node_01 mode=data_collection label=cigarette_smoke infer=- ts=1781247711 voc=2668 co=3667 pm25=51 pms=true
[data] node_01 mode=data_collection label=cigarette_smoke infer=- ts=1781247712 voc=2643 co=3613 pm25=51 pms=true
[data] node_01 mode=data_collection label=cigarette_smoke infer=- ts=1781247713 voc=2668 co=3671 pm25=52 pms=true
[data] node_01 mode=data_collection label=cigarette_smoke infer=- ts=1781247714 voc=2644 co=3620 pm25=52 pms=true
[data] node_01 mode=data_collection label=cigarette_smoke infer=- ts=1781247715 voc=2668 co=3669 pm25=52 pms=true
[data] node_01 mode=data_collection label=cigarette_smoke infer=- ts=1781247716 voc=2652 co=3614 pm25=52 pms=true
[data] node_01 mode=data_collection label=cigarette_smoke infer=- ts=1781247717 voc=2665 co=3664 pm25=51 pms=true
[data] node_01 mode=data_collection label=cigarette_smoke infer=- ts=1781247718 voc=2646 co=3622 pm25=50 pms=true
[data] node_01 mode=data_collection label=cigarette_smoke infer=- ts=1781247719 voc=2667 co=3673 pm25=50 pms=true
[data] node_01 mode=data_collection label=cigarette_smoke infer=- ts=1781247720 voc=2642 co=3622 pm25=50 pms=true
[data] node_01 mode=data_collection label=cigarette_smoke infer=- ts=1781247721 voc=2669 co=3669 pm25=51 pms=true
[data] node_01 mode=data_collection label=cigarette_smoke infer=- ts=1781247722 voc=2651 co=3620 pm25=51 pms=true
[data] node_01 mode=data_collection label=cigarette_smoke infer=- ts=1781247723 voc=2666 co=3668 pm25=51 pms=true
[data] node_01 mode=data_collection label=cigarette_smoke infer=- ts=1781247724 voc=2643 co=3618 pm25=51 pms=true
[data] node_01 mode=data_collection label=cigarette_smoke infer=- ts=1781247726 voc=2666 co=3671 pm25=51 pms=true
[data] node_01 mode=data_collection label=cigarette_smoke infer=- ts=1781247727 voc=2647 co=3623 pm25=50 pms=true
[data] node_01 mode=data_collection label=cigarette_smoke infer=- ts=1781247728 voc=2669 co=3672 pm25=50 pms=true
[data] node_01 mode=data_collection label=cigarette_smoke infer=- ts=1781247729 voc=2655 co=3621 pm25=50 pms=true
[data] node_01 mode=data_collection label=cigarette_smoke infer=- ts=1781247730 voc=2670 co=3663 pm25=50 pms=true
[data] node_01 mode=data_collection label=cigarette_smoke infer=- ts=1781247731 voc=2644 co=3613 pm25=50 pms=true
[data] node_01 mode=data_collection label=cigarette_smoke infer=- ts=1781247732 voc=2669 co=3673 pm25=50 pms=true
[data] node_01 mode=data_collection label=cigarette_smoke infer=- ts=1781247733 voc=2644 co=3619 pm25=50 pms=true
[data] node_01 mode=data_collection label=cigarette_smoke infer=- ts=1781247734 voc=2667 co=3657 pm25=50 pms=true
[data] node_01 mode=data_collection label=cigarette_smoke infer=- ts=1781247735 voc=2650 co=3622 pm25=50 pms=true
[data] node_01 mode=data_collection label=cigarette_smoke infer=- ts=1781247736 voc=2666 co=3662 pm25=50 pms=true
[data] node_01 mode=data_collection label=cigarette_smoke infer=- ts=1781247737 voc=2644 co=3621 pm25=50 pms=true
[data] node_01 mode=data_collection label=cigarette_smoke infer=- ts=1781247738 voc=2668 co=3667 pm25=51 pms=true
[data] node_01 mode=data_collection label=cigarette_smoke infer=- ts=1781247739 voc=2643 co=3616 pm25=51 pms=true
[data] node_01 mode=data_collection label=cigarette_smoke infer=- ts=1781247740 voc=2669 co=3667 pm25=52 pms=true
[data] node_01 mode=data_collection label=cigarette_smoke infer=- ts=1781247741 voc=2651 co=3623 pm25=55 pms=true
[data] node_01 mode=data_collection label=cigarette_smoke infer=- ts=1781247742 voc=2667 co=3670 pm25=57 pms=true
[data] node_01 mode=data_collection label=cigarette_smoke infer=- ts=1781247743 voc=2642 co=3615 pm25=61 pms=true
[data] node_01 mode=data_collection label=cigarette_smoke infer=- ts=1781247744 voc=2667 co=3661 pm25=65 pms=true
[data] node_01 mode=data_collection label=cigarette_smoke infer=- ts=1781247745 voc=2646 co=3621 pm25=70 pms=true
[data] node_01 mode=data_collection label=cigarette_smoke infer=- ts=1781247746 voc=2667 co=3663 pm25=75 pms=true
[data] node_01 mode=data_collection label=cigarette_smoke infer=- ts=1781247747 voc=2651 co=3610 pm25=79 pms=true
[data] node_01 mode=data_collection label=cigarette_smoke infer=- ts=1781247749 voc=2670 co=3668 pm25=84 pms=true
[data] node_01 mode=data_collection label=cigarette_smoke infer=- ts=1781247750 voc=2643 co=3617 pm25=88 pms=true
[data] node_01 mode=data_collection label=cigarette_smoke infer=- ts=1781247751 voc=2651 co=3666 pm25=89 pms=true
[data] node_01 mode=data_collection label=cigarette_smoke infer=- ts=1781247752 voc=2624 co=3617 pm25=90 pms=true
[data] node_01 mode=data_collection label=cigarette_smoke infer=- ts=1781247753 voc=2666 co=3665 pm25=90 pms=true
[data] node_01 mode=data_collection label=cigarette_smoke infer=- ts=1781247754 voc=2653 co=3619 pm25=90 pms=true
[data] node_01 mode=data_collection label=cigarette_smoke infer=- ts=1781247755 voc=2667 co=3664 pm25=87 pms=true
[data] node_01 mode=data_collection label=cigarette_smoke infer=- ts=1781247756 voc=2646 co=3616 pm25=85 pms=true
[data] node_01 mode=data_collection label=cigarette_smoke infer=- ts=1781247757 voc=2667 co=3670 pm25=83 pms=true
[data] node_01 mode=data_collection label=cigarette_smoke infer=- ts=1781247758 voc=2645 co=3620 pm25=81 pms=true
[data] node_01 mode=data_collection label=cigarette_smoke infer=- ts=1781247759 voc=2668 co=3672 pm25=79 pms=true
[data] node_01 mode=data_collection label=cigarette_smoke infer=- ts=1781247760 voc=2648 co=3617 pm25=78 pms=true
[data] node_01 mode=data_collection label=cigarette_smoke infer=- ts=1781247761 voc=2665 co=3667 pm25=76 pms=true
[data] node_01 mode=data_collection label=cigarette_smoke infer=- ts=1781247762 voc=2644 co=3623 pm25=74 pms=true
[data] node_01 mode=data_collection label=cigarette_smoke infer=- ts=1781247763 voc=2670 co=3668 pm25=71 pms=true
[data] node_01 mode=data_collection label=cigarette_smoke infer=- ts=1781247764 voc=2644 co=3617 pm25=69 pms=true
[data] node_01 mode=data_collection label=cigarette_smoke infer=- ts=1781247765 voc=2667 co=3670 pm25=68 pms=true
[data] node_01 mode=data_collection label=cigarette_smoke infer=- ts=1781247766 voc=2653 co=3617 pm25=67 pms=true
[data] node_01 mode=data_collection label=cigarette_smoke infer=- ts=1781247767 voc=2669 co=3667 pm25=65 pms=true
[data] node_01 mode=data_collection label=cigarette_smoke infer=- ts=1781247768 voc=2643 co=3619 pm25=64 pms=true
[data] node_01 mode=data_collection label=cigarette_smoke infer=- ts=1781247769 voc=2666 co=3667 pm25=64 pms=true
[data] node_01 mode=data_collection label=cigarette_smoke infer=- ts=1781247771 voc=2643 co=3615 pm25=64 pms=true
[data] node_01 mode=data_collection label=cigarette_smoke infer=- ts=1781247772 voc=2664 co=3664 pm25=64 pms=true
[data] node_01 mode=data_collection label=cigarette_smoke infer=- ts=1781247773 voc=2634 co=3614 pm25=62 pms=true
[data] node_01 mode=data_collection label=cigarette_smoke infer=- ts=1781247774 voc=2664 co=3659 pm25=62 pms=true
[data] node_01 mode=data_collection label=cigarette_smoke infer=- ts=1781247775 voc=2642 co=3613 pm25=62 pms=true
[data] node_01 mode=data_collection label=cigarette_smoke infer=- ts=1781247776 voc=2667 co=3668 pm25=62 pms=true
[data] node_01 mode=data_collection label=cigarette_smoke infer=- ts=1781247777 voc=2645 co=3616 pm25=62 pms=true
[data] node_01 mode=data_collection label=cigarette_smoke infer=- ts=1781247778 voc=2668 co=3668 pm25=62 pms=true
[data] node_01 mode=data_collection label=cigarette_smoke infer=- ts=1781247779 voc=2635 co=3617 pm25=61 pms=true
[data] node_01 mode=data_collection label=cigarette_smoke infer=- ts=1781247780 voc=2668 co=3665 pm25=61 pms=true
[data] node_01 mode=data_collection label=cigarette_smoke infer=- ts=1781247781 voc=2643 co=3612 pm25=62 pms=true
[data] node_01 mode=data_collection label=cigarette_smoke infer=- ts=1781247782 voc=2665 co=3664 pm25=62 pms=true
[data] node_01 mode=data_collection label=cigarette_smoke infer=- ts=1781247783 voc=2644 co=3618 pm25=64 pms=true
[data] node_01 mode=data_collection label=cigarette_smoke infer=- ts=1781247784 voc=2667 co=3665 pm25=63 pms=true
[data] node_01 mode=data_collection label=cigarette_smoke infer=- ts=1781247785 voc=2649 co=3609 pm25=63 pms=true
[data] node_01 mode=data_collection label=cigarette_smoke infer=- ts=1781247786 voc=2666 co=3664 pm25=64 pms=true
[data] node_01 mode=data_collection label=cigarette_smoke infer=- ts=1781247787 voc=2643 co=3618 pm25=65 pms=true
[data] node_01 mode=data_collection label=cigarette_smoke infer=- ts=1781247788 voc=2651 co=3667 pm25=66 pms=true
[data] node_01 mode=data_collection label=cigarette_smoke infer=- ts=1781247789 voc=2637 co=3616 pm25=66 pms=true
[data] node_01 mode=data_collection label=cigarette_smoke infer=- ts=1781247790 voc=2666 co=3660 pm25=65 pms=true
[data] node_01 mode=data_collection label=cigarette_smoke infer=- ts=1781247791 voc=2652 co=3609 pm25=66 pms=true
[data] node_01 mode=data_collection label=cigarette_smoke infer=- ts=1781247792 voc=2662 co=3663 pm25=66 pms=true
[data] node_01 mode=data_collection label=cigarette_smoke infer=- ts=1781247794 voc=2645 co=3616 pm25=67 pms=true
[data] node_01 mode=data_collection label=cigarette_smoke infer=- ts=1781247795 voc=2666 co=3665 pm25=67 pms=true
[data] node_01 mode=data_collection label=cigarette_smoke infer=- ts=1781247796 voc=2643 co=3617 pm25=67 pms=true
[data] node_01 mode=data_collection label=cigarette_smoke infer=- ts=1781247797 voc=2667 co=3659 pm25=68 pms=true
[data] node_01 mode=data_collection label=cigarette_smoke infer=- ts=1781247798 voc=2651 co=3613 pm25=69 pms=true
[data] node_01 mode=data_collection label=cigarette_smoke infer=- ts=1781247799 voc=2671 co=3665 pm25=69 pms=true
[data] node_01 mode=data_collection label=cigarette_smoke infer=- ts=1781247800 voc=2639 co=3616 pm25=68 pms=true
[data] node_01 mode=data_collection label=cigarette_smoke infer=- ts=1781247801 voc=2664 co=3670 pm25=67 pms=true
[data] node_01 mode=data_collection label=cigarette_smoke infer=- ts=1781247802 voc=2645 co=3622 pm25=67 pms=true
[data] node_01 mode=data_collection label=cigarette_smoke infer=- ts=1781247803 voc=2668 co=3670 pm25=66 pms=true
[data] node_01 mode=data_collection label=cigarette_smoke infer=- ts=1781247804 voc=2650 co=3622 pm25=65 pms=true
[data] node_01 mode=data_collection label=cigarette_smoke infer=- ts=1781247805 voc=2668 co=3659 pm25=65 pms=true
[data] node_01 mode=data_collection label=cigarette_smoke infer=- ts=1781247806 voc=2646 co=3617 pm25=64 pms=true
[data] node_01 mode=data_collection label=cigarette_smoke infer=- ts=1781247807 voc=2669 co=3669 pm25=62 pms=true
[data] node_01 mode=data_collection label=cigarette_smoke infer=- ts=1781247808 voc=2646 co=3622 pm25=61 pms=true
[data] node_01 mode=data_collection label=cigarette_smoke infer=- ts=1781247809 voc=2665 co=3670 pm25=60 pms=true
[data] node_01 mode=data_collection label=cigarette_smoke infer=- ts=1781247810 voc=2653 co=3618 pm25=59 pms=true
[data] node_01 mode=data_collection label=cigarette_smoke infer=- ts=1781247811 voc=2669 co=3662 pm25=58 pms=true
[data] node_01 mode=data_collection label=cigarette_smoke infer=- ts=1781247812 voc=2642 co=3622 pm25=57 pms=true
[data] node_01 mode=data_collection label=cigarette_smoke infer=- ts=1781247813 voc=2670 co=3671 pm25=56 pms=true
[data] node_01 mode=data_collection label=cigarette_smoke infer=- ts=1781247814 voc=2643 co=3608 pm25=54 pms=true
[data] node_01 mode=data_collection label=cigarette_smoke infer=- ts=1781247816 voc=2664 co=3664 pm25=53 pms=true
[data] node_01 mode=data_collection label=cigarette_smoke infer=- ts=1781247817 voc=2651 co=3616 pm25=53 pms=true
[data] node_01 mode=data_collection label=cigarette_smoke infer=- ts=1781247818 voc=2666 co=3663 pm25=53 pms=true
[data] node_01 mode=data_collection label=cigarette_smoke infer=- ts=1781247819 voc=2644 co=3613 pm25=53 pms=true
[data] node_01 mode=data_collection label=cigarette_smoke infer=- ts=1781247820 voc=2669 co=3666 pm25=53 pms=true
[data] node_01 mode=data_collection label=cigarette_smoke infer=- ts=1781247821 voc=2643 co=3616 pm25=52 pms=true
[data] node_01 mode=data_collection label=cigarette_smoke infer=- ts=1781247822 voc=2668 co=3664 pm25=52 pms=true
[data] node_01 mode=data_collection label=cigarette_smoke infer=- ts=1781247823 voc=2650 co=3611 pm25=51 pms=true
[data] node_01 mode=data_collection label=cigarette_smoke infer=- ts=1781247824 voc=2665 co=3653 pm25=51 pms=true
[data] node_01 mode=data_collection label=cigarette_smoke infer=- ts=1781247825 voc=2644 co=3620 pm25=51 pms=true
[data] node_01 mode=data_collection label=cigarette_smoke infer=- ts=1781247826 voc=2665 co=3657 pm25=51 pms=true
[data] node_01 mode=data_collection label=cigarette_smoke infer=- ts=1781247827 voc=2642 co=3618 pm25=50 pms=true
[data] node_01 mode=data_collection label=cigarette_smoke infer=- ts=1781247828 voc=2665 co=3669 pm25=50 pms=true
[data] node_01 mode=data_collection label=cigarette_smoke infer=- ts=1781247829 voc=2650 co=3609 pm25=50 pms=true
[data] node_01 mode=data_collection label=cigarette_smoke infer=- ts=1781247830 voc=2666 co=3660 pm25=50 pms=true
[data] node_01 mode=data_collection label=cigarette_smoke infer=- ts=1781247831 voc=2643 co=3613 pm25=50 pms=true
[data] node_01 mode=data_collection label=cigarette_smoke infer=- ts=1781247832 voc=2663 co=3667 pm25=50 pms=true
[data] node_01 mode=data_collection label=cigarette_smoke infer=- ts=1781247833 voc=2644 co=3622 pm25=50 pms=true
[data] node_01 mode=data_collection label=cigarette_smoke infer=- ts=1781247834 voc=2666 co=3670 pm25=50 pms=true
[data] node_01 mode=data_collection label=cigarette_smoke infer=- ts=1781247835 voc=2652 co=3622 pm25=50 pms=true
[data] node_01 mode=data_collection label=cigarette_smoke infer=- ts=1781247836 voc=2668 co=3667 pm25=50 pms=true
[data] node_01 mode=data_collection label=cigarette_smoke infer=- ts=1781247837 voc=2645 co=3615 pm25=50 pms=true
[data] node_01 mode=data_collection label=cigarette_smoke infer=- ts=1781247839 voc=2661 co=3668 pm25=50 pms=true
[data] node_01 mode=data_collection label=cigarette_smoke infer=- ts=1781247840 voc=2644 co=3611 pm25=50 pms=true
[data] node_01 mode=data_collection label=cigarette_smoke infer=- ts=1781247841 voc=2664 co=3665 pm25=50 pms=true
[data] node_01 mode=data_collection label=cigarette_smoke infer=- ts=1781247842 voc=2650 co=3608 pm25=49 pms=true
[data] node_01 mode=data_collection label=cigarette_smoke infer=- ts=1781247843 voc=2667 co=3664 pm25=49 pms=true
[data] node_01 mode=data_collection label=cigarette_smoke infer=- ts=1781247844 voc=2643 co=3618 pm25=49 pms=true
[data] node_01 mode=data_collection label=cigarette_smoke infer=- ts=1781247845 voc=2665 co=3664 pm25=49 pms=true
[data] node_01 mode=data_collection label=cigarette_smoke infer=- ts=1781247846 voc=2645 co=3601 pm25=49 pms=true
[data] node_01 mode=data_collection label=cigarette_smoke infer=- ts=1781247847 voc=2667 co=3667 pm25=49 pms=true
[data] node_01 mode=data_collection label=cigarette_smoke infer=- ts=1781247848 voc=2653 co=3616 pm25=48 pms=true
[data] node_01 mode=data_collection label=cigarette_smoke infer=- ts=1781247849 voc=2666 co=3658 pm25=48 pms=true
[data] node_01 mode=data_collection label=cigarette_smoke infer=- ts=1781247850 voc=2642 co=3617 pm25=49 pms=true
[data] node_01 mode=data_collection label=cigarette_smoke infer=- ts=1781247851 voc=2667 co=3662 pm25=49 pms=true
[data] node_01 mode=data_collection label=cigarette_smoke infer=- ts=1781247852 voc=2646 co=3613 pm25=49 pms=true
[data] node_01 mode=data_collection label=cigarette_smoke infer=- ts=1781247853 voc=2669 co=3662 pm25=48 pms=true
[data] node_01 mode=data_collection label=cigarette_smoke infer=- ts=1781247854 voc=2634 co=3619 pm25=48 pms=true
[data] node_01 mode=data_collection label=cigarette_smoke infer=- ts=1781247855 voc=2668 co=3671 pm25=48 pms=true
[data] node_01 mode=data_collection label=cigarette_smoke infer=- ts=1781247856 voc=2645 co=3620 pm25=48 pms=true
[data] node_01 mode=data_collection label=cigarette_smoke infer=- ts=1781247857 voc=2669 co=3672 pm25=48 pms=true
[data] node_01 mode=data_collection label=cigarette_smoke infer=- ts=1781247858 voc=2643 co=3621 pm25=48 pms=true
[data] node_01 mode=data_collection label=cigarette_smoke infer=- ts=1781247859 voc=2667 co=3666 pm25=48 pms=true
[data] node_01 mode=data_collection label=cigarette_smoke infer=- ts=1781247861 voc=2652 co=3621 pm25=48 pms=true
[data] node_01 mode=data_collection label=cigarette_smoke infer=- ts=1781247862 voc=2668 co=3675 pm25=48 pms=true
[data] node_01 mode=data_collection label=cigarette_smoke infer=- ts=1781247863 voc=2645 co=3623 pm25=49 pms=true
[data] node_01 mode=data_collection label=cigarette_smoke infer=- ts=1781247864 voc=2669 co=3673 pm25=49 pms=true
[data] node_01 mode=data_collection label=cigarette_smoke infer=- ts=1781247865 voc=2646 co=3619 pm25=49 pms=true
[data] node_01 mode=data_collection label=cigarette_smoke infer=- ts=1781247866 voc=2668 co=3669 pm25=48 pms=true
[data] node_01 mode=data_collection label=cigarette_smoke infer=- ts=1781247867 voc=2652 co=3617 pm25=48 pms=true
[data] node_01 mode=data_collection label=cigarette_smoke infer=- ts=1781247868 voc=2670 co=3663 pm25=48 pms=true
[data] node_01 mode=data_collection label=cigarette_smoke infer=- ts=1781247869 voc=2644 co=3615 pm25=48 pms=true
[data] node_01 mode=data_collection label=cigarette_smoke infer=- ts=1781247870 voc=2668 co=3668 pm25=48 pms=true
[data] node_01 mode=data_collection label=cigarette_smoke infer=- ts=1781247871 voc=2645 co=3620 pm25=47 pms=true
[data] node_01 mode=data_collection label=cigarette_smoke infer=- ts=1781247872 voc=2666 co=3668 pm25=47 pms=true
[data] node_01 mode=data_collection label=cigarette_smoke infer=- ts=1781247873 voc=2651 co=3613 pm25=47 pms=true
[data] node_01 mode=data_collection label=cigarette_smoke infer=- ts=1781247874 voc=2665 co=3660 pm25=48 pms=true
[data] node_01 mode=data_collection label=cigarette_smoke infer=- ts=1781247875 voc=2641 co=3616 pm25=48 pms=true
[data] node_01 mode=data_collection label=cigarette_smoke infer=- ts=1781247876 voc=2668 co=3665 pm25=48 pms=true
[data] node_01 mode=data_collection label=cigarette_smoke infer=- ts=1781247877 voc=2645 co=3616 pm25=47 pms=true
[data] node_01 mode=data_collection label=cigarette_smoke infer=- ts=1781247878 voc=2667 co=3666 pm25=47 pms=true
[data] node_01 mode=data_collection label=cigarette_smoke infer=- ts=1781247879 voc=2652 co=3616 pm25=47 pms=true
[data] node_01 mode=data_collection label=cigarette_smoke infer=- ts=1781247880 voc=2669 co=3667 pm25=48 pms=true
[data] node_01 mode=data_collection label=cigarette_smoke infer=- ts=1781247881 voc=2644 co=3609 pm25=48 pms=true
[data] node_01 mode=data_collection label=cigarette_smoke infer=- ts=1781247882 voc=2669 co=3666 pm25=48 pms=true
[data] node_01 mode=data_collection label=cigarette_smoke infer=- ts=1781247884 voc=2645 co=3622 pm25=47 pms=true
[data] node_01 mode=data_collection label=cigarette_smoke infer=- ts=1781247885 voc=2668 co=3672 pm25=47 pms=true
[data] node_01 mode=data_collection label=cigarette_smoke infer=- ts=1781247886 voc=2655 co=3615 pm25=48 pms=true
[data] node_01 mode=data_collection label=cigarette_smoke infer=- ts=1781247887 voc=2668 co=3668 pm25=48 pms=true
[data] node_01 mode=data_collection label=cigarette_smoke infer=- ts=1781247888 voc=2645 co=3620 pm25=48 pms=true
[data] node_01 mode=data_collection label=cigarette_smoke infer=- ts=1781247889 voc=2668 co=3668 pm25=48 pms=true
[data] node_01 mode=data_collection label=cigarette_smoke infer=- ts=1781247890 voc=2646 co=3621 pm25=48 pms=true
[data] node_01 mode=data_collection label=cigarette_smoke infer=- ts=1781247891 voc=2667 co=3670 pm25=48 pms=true
[data] node_01 mode=data_collection label=cigarette_smoke infer=- ts=1781247892 voc=2651 co=3617 pm25=48 pms=true
[data] node_01 mode=data_collection label=cigarette_smoke infer=- ts=1781247893 voc=2666 co=3667 pm25=48 pms=true
[data] node_01 mode=data_collection label=cigarette_smoke infer=- ts=1781247894 voc=2642 co=3623 pm25=48 pms=true
[data] node_01 mode=data_collection label=cigarette_smoke infer=- ts=1781247895 voc=2667 co=3670 pm25=47 pms=true
[data] node_01 mode=data_collection label=cigarette_smoke infer=- ts=1781247896 voc=2647 co=3614 pm25=47 pms=true
[data] node_01 mode=data_collection label=cigarette_smoke infer=- ts=1781247897 voc=2669 co=3665 pm25=47 pms=true
[data] node_01 mode=data_collection label=cigarette_smoke infer=- ts=1781247898 voc=2653 co=3616 pm25=48 pms=true
